RAM Allocation
Variable                                                          Address   Size
--------------------------------------------------------------------------------
i                                                                 0x0170       4
s                                                                 0x0174       3
_seed                                                             0x0177       4
_base_y                                                           0x017B       4

EEPROM Allocation
Variable                                                          Address   Size
--------------------------------------------------------------------------------

Register Allocation
Variable                                                          Register  Size
--------------------------------------------------------------------------------
_lcd_x                                                            R5           1
_lcd_y                                                            R4           1
_lcd_maxx                                                         R7           1
