RAM Allocation
Variable                                                          Address   Size
--------------------------------------------------------------------------------
sevenseg_code                                                     0x0160      10

EEPROM Allocation
Variable                                                          Address   Size
--------------------------------------------------------------------------------

Register Allocation
Variable                                                          Register  Size
--------------------------------------------------------------------------------
i                                                                 R5           1
v                                                                 R4           1
a                                                                 R7           1
b                                                                 R6           1
c                                                                 R8,R9        2
