
AVRASM ver. 2.1.30  C:\Users\Shukri Dozom\Desktop\H\Debug\List\R.asm Sun Jan 05 19:31:13 2020

C:\Users\Shukri Dozom\Desktop\H\Debug\List\R.asm(1088): warning: Register r4 already defined by the .DEF directive
C:\Users\Shukri Dozom\Desktop\H\Debug\List\R.asm(1089): warning: Register r5 already defined by the .DEF directive
C:\Users\Shukri Dozom\Desktop\H\Debug\List\R.asm(1090): warning: Register r7 already defined by the .DEF directive
C:\Users\Shukri Dozom\Desktop\H\Debug\List\R.asm(1091): warning: Register r6 already defined by the .DEF directive
C:\Users\Shukri Dozom\Desktop\H\Debug\List\R.asm(1092): warning: Register r9 already defined by the .DEF directive
                 
                 
                 ;CodeVisionAVR C Compiler V3.10 Advanced
                 ;(C) Copyright 1998-2014 Pavel Haiduc, HP InfoTech s.r.l.
                 ;http://www.hpinfotech.com
                 
                 ;Build configuration    : Debug
                 ;Chip type              : ATmega16
                 ;Program type           : Application
                 ;Clock frequency        : 8.000000 MHz
                 ;Memory model           : Small
                 ;Optimize for           : Size
                 ;(s)printf features     : int, width
                 ;(s)scanf features      : int, width
                 ;External RAM size      : 0
                 ;Data Stack size        : 256 byte(s)
                 ;Heap size              : 0 byte(s)
                 ;Promote 'char' to 'int': Yes
                 ;'char' is unsigned     : Yes
                 ;8 bit enums            : Yes
                 ;Global 'const' stored in FLASH: Yes
                 ;Enhanced function parameter passing: Yes
                 ;Enhanced core instructions: On
                 ;Automatic register allocation for global variables: On
                 ;Smart register allocation: On
                 
                 	#define _MODEL_SMALL_
                 
                 	#pragma AVRPART ADMIN PART_NAME ATmega16
                 	#pragma AVRPART MEMORY PROG_FLASH 16384
                 	#pragma AVRPART MEMORY EEPROM 512
                 	#pragma AVRPART MEMORY INT_SRAM SIZE 1024
                 	#pragma AVRPART MEMORY INT_SRAM START_ADDR 0x60
                 
                 	#define CALL_SUPPORTED 1
                 
                 	.LISTMAC
                 	.EQU UDRE=0x5
                 	.EQU RXC=0x7
                 	.EQU USR=0xB
                 	.EQU UDR=0xC
                 	.EQU SPSR=0xE
                 	.EQU SPDR=0xF
                 	.EQU EERE=0x0
                 	.EQU EEWE=0x1
                 	.EQU EEMWE=0x2
                 	.EQU EECR=0x1C
                 	.EQU EEDR=0x1D
                 	.EQU EEARL=0x1E
                 	.EQU EEARH=0x1F
                 	.EQU WDTCR=0x21
                 	.EQU MCUCR=0x35
                 	.EQU GICR=0x3B
                 	.EQU SPL=0x3D
                 	.EQU SPH=0x3E
                 	.EQU SREG=0x3F
                 
                 	.DEF R0X0=R0
                 	.DEF R0X1=R1
                 	.DEF R0X2=R2
                 	.DEF R0X3=R3
                 	.DEF R0X4=R4
                 	.DEF R0X5=R5
                 	.DEF R0X6=R6
                 	.DEF R0X7=R7
                 	.DEF R0X8=R8
                 	.DEF R0X9=R9
                 	.DEF R0XA=R10
                 	.DEF R0XB=R11
                 	.DEF R0XC=R12
                 	.DEF R0XD=R13
                 	.DEF R0XE=R14
                 	.DEF R0XF=R15
                 	.DEF R0X10=R16
                 	.DEF R0X11=R17
                 	.DEF R0X12=R18
                 	.DEF R0X13=R19
                 	.DEF R0X14=R20
                 	.DEF R0X15=R21
                 	.DEF R0X16=R22
                 	.DEF R0X17=R23
                 	.DEF R0X18=R24
                 	.DEF R0X19=R25
                 	.DEF R0X1A=R26
                 	.DEF R0X1B=R27
                 	.DEF R0X1C=R28
                 	.DEF R0X1D=R29
                 	.DEF R0X1E=R30
                 	.DEF R0X1F=R31
                 
                 	.EQU __SRAM_START=0x0060
                 	.EQU __SRAM_END=0x045F
                 	.EQU __DSTACK_SIZE=0x0100
                 	.EQU __HEAP_SIZE=0x0000
                 	.EQU __CLEAR_SRAM_SIZE=__SRAM_END-__SRAM_START+1
                 
                 	.MACRO __CPD1N
                 	CPI  R30,LOW(@0)
                 	LDI  R26,HIGH(@0)
                 	CPC  R31,R26
                 	LDI  R26,BYTE3(@0)
                 	CPC  R22,R26
                 	LDI  R26,BYTE4(@0)
                 	CPC  R23,R26
                 	.ENDM
                 
                 	.MACRO __CPD2N
                 	CPI  R26,LOW(@0)
                 	LDI  R30,HIGH(@0)
                 	CPC  R27,R30
                 	LDI  R30,BYTE3(@0)
                 	CPC  R24,R30
                 	LDI  R30,BYTE4(@0)
                 	CPC  R25,R30
                 	.ENDM
                 
                 	.MACRO __CPWRR
                 	CP   R@0,R@2
                 	CPC  R@1,R@3
                 	.ENDM
                 
                 	.MACRO __CPWRN
                 	CPI  R@0,LOW(@2)
                 	LDI  R30,HIGH(@2)
                 	CPC  R@1,R30
                 	.ENDM
                 
                 	.MACRO __ADDB1MN
                 	SUBI R30,LOW(-@0-(@1))
                 	.ENDM
                 
                 	.MACRO __ADDB2MN
                 	SUBI R26,LOW(-@0-(@1))
                 	.ENDM
                 
                 	.MACRO __ADDW1MN
                 	SUBI R30,LOW(-@0-(@1))
                 	SBCI R31,HIGH(-@0-(@1))
                 	.ENDM
                 
                 	.MACRO __ADDW2MN
                 	SUBI R26,LOW(-@0-(@1))
                 	SBCI R27,HIGH(-@0-(@1))
                 	.ENDM
                 
                 	.MACRO __ADDW1FN
                 	SUBI R30,LOW(-2*@0-(@1))
                 	SBCI R31,HIGH(-2*@0-(@1))
                 	.ENDM
                 
                 	.MACRO __ADDD1FN
                 	SUBI R30,LOW(-2*@0-(@1))
                 	SBCI R31,HIGH(-2*@0-(@1))
                 	SBCI R22,BYTE3(-2*@0-(@1))
                 	.ENDM
                 
                 	.MACRO __ADDD1N
                 	SUBI R30,LOW(-@0)
                 	SBCI R31,HIGH(-@0)
                 	SBCI R22,BYTE3(-@0)
                 	SBCI R23,BYTE4(-@0)
                 	.ENDM
                 
                 	.MACRO __ADDD2N
                 	SUBI R26,LOW(-@0)
                 	SBCI R27,HIGH(-@0)
                 	SBCI R24,BYTE3(-@0)
                 	SBCI R25,BYTE4(-@0)
                 	.ENDM
                 
                 	.MACRO __SUBD1N
                 	SUBI R30,LOW(@0)
                 	SBCI R31,HIGH(@0)
                 	SBCI R22,BYTE3(@0)
                 	SBCI R23,BYTE4(@0)
                 	.ENDM
                 
                 	.MACRO __SUBD2N
                 	SUBI R26,LOW(@0)
                 	SBCI R27,HIGH(@0)
                 	SBCI R24,BYTE3(@0)
                 	SBCI R25,BYTE4(@0)
                 	.ENDM
                 
                 	.MACRO __ANDBMNN
                 	LDS  R30,@0+(@1)
                 	ANDI R30,LOW(@2)
                 	STS  @0+(@1),R30
                 	.ENDM
                 
                 	.MACRO __ANDWMNN
                 	LDS  R30,@0+(@1)
                 	ANDI R30,LOW(@2)
                 	STS  @0+(@1),R30
                 	LDS  R30,@0+(@1)+1
                 	ANDI R30,HIGH(@2)
                 	STS  @0+(@1)+1,R30
                 	.ENDM
                 
                 	.MACRO __ANDD1N
                 	ANDI R30,LOW(@0)
                 	ANDI R31,HIGH(@0)
                 	ANDI R22,BYTE3(@0)
                 	ANDI R23,BYTE4(@0)
                 	.ENDM
                 
                 	.MACRO __ANDD2N
                 	ANDI R26,LOW(@0)
                 	ANDI R27,HIGH(@0)
                 	ANDI R24,BYTE3(@0)
                 	ANDI R25,BYTE4(@0)
                 	.ENDM
                 
                 	.MACRO __ORBMNN
                 	LDS  R30,@0+(@1)
                 	ORI  R30,LOW(@2)
                 	STS  @0+(@1),R30
                 	.ENDM
                 
                 	.MACRO __ORWMNN
                 	LDS  R30,@0+(@1)
                 	ORI  R30,LOW(@2)
                 	STS  @0+(@1),R30
                 	LDS  R30,@0+(@1)+1
                 	ORI  R30,HIGH(@2)
                 	STS  @0+(@1)+1,R30
                 	.ENDM
                 
                 	.MACRO __ORD1N
                 	ORI  R30,LOW(@0)
                 	ORI  R31,HIGH(@0)
                 	ORI  R22,BYTE3(@0)
                 	ORI  R23,BYTE4(@0)
                 	.ENDM
                 
                 	.MACRO __ORD2N
                 	ORI  R26,LOW(@0)
                 	ORI  R27,HIGH(@0)
                 	ORI  R24,BYTE3(@0)
                 	ORI  R25,BYTE4(@0)
                 	.ENDM
                 
                 	.MACRO __DELAY_USB
                 	LDI  R24,LOW(@0)
                 __DELAY_USB_LOOP:
                 	DEC  R24
                 	BRNE __DELAY_USB_LOOP
                 	.ENDM
                 
                 	.MACRO __DELAY_USW
                 	LDI  R24,LOW(@0)
                 	LDI  R25,HIGH(@0)
                 __DELAY_USW_LOOP:
                 	SBIW R24,1
                 	BRNE __DELAY_USW_LOOP
                 	.ENDM
                 
                 	.MACRO __GETD1S
                 	LDD  R30,Y+@0
                 	LDD  R31,Y+@0+1
                 	LDD  R22,Y+@0+2
                 	LDD  R23,Y+@0+3
                 	.ENDM
                 
                 	.MACRO __GETD2S
                 	LDD  R26,Y+@0
                 	LDD  R27,Y+@0+1
                 	LDD  R24,Y+@0+2
                 	LDD  R25,Y+@0+3
                 	.ENDM
                 
                 	.MACRO __PUTD1S
                 	STD  Y+@0,R30
                 	STD  Y+@0+1,R31
                 	STD  Y+@0+2,R22
                 	STD  Y+@0+3,R23
                 	.ENDM
                 
                 	.MACRO __PUTD2S
                 	STD  Y+@0,R26
                 	STD  Y+@0+1,R27
                 	STD  Y+@0+2,R24
                 	STD  Y+@0+3,R25
                 	.ENDM
                 
                 	.MACRO __PUTDZ2
                 	STD  Z+@0,R26
                 	STD  Z+@0+1,R27
                 	STD  Z+@0+2,R24
                 	STD  Z+@0+3,R25
                 	.ENDM
                 
                 	.MACRO __CLRD1S
                 	STD  Y+@0,R30
                 	STD  Y+@0+1,R30
                 	STD  Y+@0+2,R30
                 	STD  Y+@0+3,R30
                 	.ENDM
                 
                 	.MACRO __POINTB1MN
                 	LDI  R30,LOW(@0+(@1))
                 	.ENDM
                 
                 	.MACRO __POINTW1MN
                 	LDI  R30,LOW(@0+(@1))
                 	LDI  R31,HIGH(@0+(@1))
                 	.ENDM
                 
                 	.MACRO __POINTD1M
                 	LDI  R30,LOW(@0)
                 	LDI  R31,HIGH(@0)
                 	LDI  R22,BYTE3(@0)
                 	LDI  R23,BYTE4(@0)
                 	.ENDM
                 
                 	.MACRO __POINTW1FN
                 	LDI  R30,LOW(2*@0+(@1))
                 	LDI  R31,HIGH(2*@0+(@1))
                 	.ENDM
                 
                 	.MACRO __POINTD1FN
                 	LDI  R30,LOW(2*@0+(@1))
                 	LDI  R31,HIGH(2*@0+(@1))
                 	LDI  R22,BYTE3(2*@0+(@1))
                 	LDI  R23,BYTE4(2*@0+(@1))
                 	.ENDM
                 
                 	.MACRO __POINTB2MN
                 	LDI  R26,LOW(@0+(@1))
                 	.ENDM
                 
                 	.MACRO __POINTW2MN
                 	LDI  R26,LOW(@0+(@1))
                 	LDI  R27,HIGH(@0+(@1))
                 	.ENDM
                 
                 	.MACRO __POINTW2FN
                 	LDI  R26,LOW(2*@0+(@1))
                 	LDI  R27,HIGH(2*@0+(@1))
                 	.ENDM
                 
                 	.MACRO __POINTD2FN
                 	LDI  R26,LOW(2*@0+(@1))
                 	LDI  R27,HIGH(2*@0+(@1))
                 	LDI  R24,BYTE3(2*@0+(@1))
                 	LDI  R25,BYTE4(2*@0+(@1))
                 	.ENDM
                 
                 	.MACRO __POINTBRM
                 	LDI  R@0,LOW(@1)
                 	.ENDM
                 
                 	.MACRO __POINTWRM
                 	LDI  R@0,LOW(@2)
                 	LDI  R@1,HIGH(@2)
                 	.ENDM
                 
                 	.MACRO __POINTBRMN
                 	LDI  R@0,LOW(@1+(@2))
                 	.ENDM
                 
                 	.MACRO __POINTWRMN
                 	LDI  R@0,LOW(@2+(@3))
                 	LDI  R@1,HIGH(@2+(@3))
                 	.ENDM
                 
                 	.MACRO __POINTWRFN
                 	LDI  R@0,LOW(@2*2+(@3))
                 	LDI  R@1,HIGH(@2*2+(@3))
                 	.ENDM
                 
                 	.MACRO __GETD1N
                 	LDI  R30,LOW(@0)
                 	LDI  R31,HIGH(@0)
                 	LDI  R22,BYTE3(@0)
                 	LDI  R23,BYTE4(@0)
                 	.ENDM
                 
                 	.MACRO __GETD2N
                 	LDI  R26,LOW(@0)
                 	LDI  R27,HIGH(@0)
                 	LDI  R24,BYTE3(@0)
                 	LDI  R25,BYTE4(@0)
                 	.ENDM
                 
                 	.MACRO __GETB1MN
                 	LDS  R30,@0+(@1)
                 	.ENDM
                 
                 	.MACRO __GETB1HMN
                 	LDS  R31,@0+(@1)
                 	.ENDM
                 
                 	.MACRO __GETW1MN
                 	LDS  R30,@0+(@1)
                 	LDS  R31,@0+(@1)+1
                 	.ENDM
                 
                 	.MACRO __GETD1MN
                 	LDS  R30,@0+(@1)
                 	LDS  R31,@0+(@1)+1
                 	LDS  R22,@0+(@1)+2
                 	LDS  R23,@0+(@1)+3
                 	.ENDM
                 
                 	.MACRO __GETBRMN
                 	LDS  R@0,@1+(@2)
                 	.ENDM
                 
                 	.MACRO __GETWRMN
                 	LDS  R@0,@2+(@3)
                 	LDS  R@1,@2+(@3)+1
                 	.ENDM
                 
                 	.MACRO __GETWRZ
                 	LDD  R@0,Z+@2
                 	LDD  R@1,Z+@2+1
                 	.ENDM
                 
                 	.MACRO __GETD2Z
                 	LDD  R26,Z+@0
                 	LDD  R27,Z+@0+1
                 	LDD  R24,Z+@0+2
                 	LDD  R25,Z+@0+3
                 	.ENDM
                 
                 	.MACRO __GETB2MN
                 	LDS  R26,@0+(@1)
                 	.ENDM
                 
                 	.MACRO __GETW2MN
                 	LDS  R26,@0+(@1)
                 	LDS  R27,@0+(@1)+1
                 	.ENDM
                 
                 	.MACRO __GETD2MN
                 	LDS  R26,@0+(@1)
                 	LDS  R27,@0+(@1)+1
                 	LDS  R24,@0+(@1)+2
                 	LDS  R25,@0+(@1)+3
                 	.ENDM
                 
                 	.MACRO __PUTB1MN
                 	STS  @0+(@1),R30
                 	.ENDM
                 
                 	.MACRO __PUTW1MN
                 	STS  @0+(@1),R30
                 	STS  @0+(@1)+1,R31
                 	.ENDM
                 
                 	.MACRO __PUTD1MN
                 	STS  @0+(@1),R30
                 	STS  @0+(@1)+1,R31
                 	STS  @0+(@1)+2,R22
                 	STS  @0+(@1)+3,R23
                 	.ENDM
                 
                 	.MACRO __PUTB1EN
                 	LDI  R26,LOW(@0+(@1))
                 	LDI  R27,HIGH(@0+(@1))
                 	CALL __EEPROMWRB
                 	.ENDM
                 
                 	.MACRO __PUTW1EN
                 	LDI  R26,LOW(@0+(@1))
                 	LDI  R27,HIGH(@0+(@1))
                 	CALL __EEPROMWRW
                 	.ENDM
                 
                 	.MACRO __PUTD1EN
                 	LDI  R26,LOW(@0+(@1))
                 	LDI  R27,HIGH(@0+(@1))
                 	CALL __EEPROMWRD
                 	.ENDM
                 
                 	.MACRO __PUTBR0MN
                 	STS  @0+(@1),R0
                 	.ENDM
                 
                 	.MACRO __PUTBMRN
                 	STS  @0+(@1),R@2
                 	.ENDM
                 
                 	.MACRO __PUTWMRN
                 	STS  @0+(@1),R@2
                 	STS  @0+(@1)+1,R@3
                 	.ENDM
                 
                 	.MACRO __PUTBZR
                 	STD  Z+@1,R@0
                 	.ENDM
                 
                 	.MACRO __PUTWZR
                 	STD  Z+@2,R@0
                 	STD  Z+@2+1,R@1
                 	.ENDM
                 
                 	.MACRO __GETW1R
                 	MOV  R30,R@0
                 	MOV  R31,R@1
                 	.ENDM
                 
                 	.MACRO __GETW2R
                 	MOV  R26,R@0
                 	MOV  R27,R@1
                 	.ENDM
                 
                 	.MACRO __GETWRN
                 	LDI  R@0,LOW(@2)
                 	LDI  R@1,HIGH(@2)
                 	.ENDM
                 
                 	.MACRO __PUTW1R
                 	MOV  R@0,R30
                 	MOV  R@1,R31
                 	.ENDM
                 
                 	.MACRO __PUTW2R
                 	MOV  R@0,R26
                 	MOV  R@1,R27
                 	.ENDM
                 
                 	.MACRO __ADDWRN
                 	SUBI R@0,LOW(-@2)
                 	SBCI R@1,HIGH(-@2)
                 	.ENDM
                 
                 	.MACRO __ADDWRR
                 	ADD  R@0,R@2
                 	ADC  R@1,R@3
                 	.ENDM
                 
                 	.MACRO __SUBWRN
                 	SUBI R@0,LOW(@2)
                 	SBCI R@1,HIGH(@2)
                 	.ENDM
                 
                 	.MACRO __SUBWRR
                 	SUB  R@0,R@2
                 	SBC  R@1,R@3
                 	.ENDM
                 
                 	.MACRO __ANDWRN
                 	ANDI R@0,LOW(@2)
                 	ANDI R@1,HIGH(@2)
                 	.ENDM
                 
                 	.MACRO __ANDWRR
                 	AND  R@0,R@2
                 	AND  R@1,R@3
                 	.ENDM
                 
                 	.MACRO __ORWRN
                 	ORI  R@0,LOW(@2)
                 	ORI  R@1,HIGH(@2)
                 	.ENDM
                 
                 	.MACRO __ORWRR
                 	OR   R@0,R@2
                 	OR   R@1,R@3
                 	.ENDM
                 
                 	.MACRO __EORWRR
                 	EOR  R@0,R@2
                 	EOR  R@1,R@3
                 	.ENDM
                 
                 	.MACRO __GETWRS
                 	LDD  R@0,Y+@2
                 	LDD  R@1,Y+@2+1
                 	.ENDM
                 
                 	.MACRO __PUTBSR
                 	STD  Y+@1,R@0
                 	.ENDM
                 
                 	.MACRO __PUTWSR
                 	STD  Y+@2,R@0
                 	STD  Y+@2+1,R@1
                 	.ENDM
                 
                 	.MACRO __MOVEWRR
                 	MOV  R@0,R@2
                 	MOV  R@1,R@3
                 	.ENDM
                 
                 	.MACRO __INWR
                 	IN   R@0,@2
                 	IN   R@1,@2+1
                 	.ENDM
                 
                 	.MACRO __OUTWR
                 	OUT  @2+1,R@1
                 	OUT  @2,R@0
                 	.ENDM
                 
                 	.MACRO __CALL1MN
                 	LDS  R30,@0+(@1)
                 	LDS  R31,@0+(@1)+1
                 	ICALL
                 	.ENDM
                 
                 	.MACRO __CALL1FN
                 	LDI  R30,LOW(2*@0+(@1))
                 	LDI  R31,HIGH(2*@0+(@1))
                 	CALL __GETW1PF
                 	ICALL
                 	.ENDM
                 
                 	.MACRO __CALL2EN
                 	PUSH R26
                 	PUSH R27
                 	LDI  R26,LOW(@0+(@1))
                 	LDI  R27,HIGH(@0+(@1))
                 	CALL __EEPROMRDW
                 	POP  R27
                 	POP  R26
                 	ICALL
                 	.ENDM
                 
                 	.MACRO __CALL2EX
                 	SUBI R26,LOW(-@0)
                 	SBCI R27,HIGH(-@0)
                 	CALL __EEPROMRDD
                 	ICALL
                 	.ENDM
                 
                 	.MACRO __GETW1STACK
                 	IN   R30,SPL
                 	IN   R31,SPH
                 	ADIW R30,@0+1
                 	LD   R0,Z+
                 	LD   R31,Z
                 	MOV  R30,R0
                 	.ENDM
                 
                 	.MACRO __GETD1STACK
                 	IN   R30,SPL
                 	IN   R31,SPH
                 	ADIW R30,@0+1
                 	LD   R0,Z+
                 	LD   R1,Z+
                 	LD   R22,Z
                 	MOVW R30,R0
                 	.ENDM
                 
                 	.MACRO __NBST
                 	BST  R@0,@1
                 	IN   R30,SREG
                 	LDI  R31,0x40
                 	EOR  R30,R31
                 	OUT  SREG,R30
                 	.ENDM
                 
                 
                 	.MACRO __PUTB1SN
                 	LDD  R26,Y+@0
                 	LDD  R27,Y+@0+1
                 	SUBI R26,LOW(-@1)
                 	SBCI R27,HIGH(-@1)
                 	ST   X,R30
                 	.ENDM
                 
                 	.MACRO __PUTW1SN
                 	LDD  R26,Y+@0
                 	LDD  R27,Y+@0+1
                 	SUBI R26,LOW(-@1)
                 	SBCI R27,HIGH(-@1)
                 	ST   X+,R30
                 	ST   X,R31
                 	.ENDM
                 
                 	.MACRO __PUTD1SN
                 	LDD  R26,Y+@0
                 	LDD  R27,Y+@0+1
                 	SUBI R26,LOW(-@1)
                 	SBCI R27,HIGH(-@1)
                 	CALL __PUTDP1
                 	.ENDM
                 
                 	.MACRO __PUTB1SNS
                 	LDD  R26,Y+@0
                 	LDD  R27,Y+@0+1
                 	ADIW R26,@1
                 	ST   X,R30
                 	.ENDM
                 
                 	.MACRO __PUTW1SNS
                 	LDD  R26,Y+@0
                 	LDD  R27,Y+@0+1
                 	ADIW R26,@1
                 	ST   X+,R30
                 	ST   X,R31
                 	.ENDM
                 
                 	.MACRO __PUTD1SNS
                 	LDD  R26,Y+@0
                 	LDD  R27,Y+@0+1
                 	ADIW R26,@1
                 	CALL __PUTDP1
                 	.ENDM
                 
                 	.MACRO __PUTB1PMN
                 	LDS  R26,@0
                 	LDS  R27,@0+1
                 	SUBI R26,LOW(-@1)
                 	SBCI R27,HIGH(-@1)
                 	ST   X,R30
                 	.ENDM
                 
                 	.MACRO __PUTW1PMN
                 	LDS  R26,@0
                 	LDS  R27,@0+1
                 	SUBI R26,LOW(-@1)
                 	SBCI R27,HIGH(-@1)
                 	ST   X+,R30
                 	ST   X,R31
                 	.ENDM
                 
                 	.MACRO __PUTD1PMN
                 	LDS  R26,@0
                 	LDS  R27,@0+1
                 	SUBI R26,LOW(-@1)
                 	SBCI R27,HIGH(-@1)
                 	CALL __PUTDP1
                 	.ENDM
                 
                 	.MACRO __PUTB1PMNS
                 	LDS  R26,@0
                 	LDS  R27,@0+1
                 	ADIW R26,@1
                 	ST   X,R30
                 	.ENDM
                 
                 	.MACRO __PUTW1PMNS
                 	LDS  R26,@0
                 	LDS  R27,@0+1
                 	ADIW R26,@1
                 	ST   X+,R30
                 	ST   X,R31
                 	.ENDM
                 
                 	.MACRO __PUTD1PMNS
                 	LDS  R26,@0
                 	LDS  R27,@0+1
                 	ADIW R26,@1
                 	CALL __PUTDP1
                 	.ENDM
                 
                 	.MACRO __PUTB1RN
                 	MOVW R26,R@0
                 	SUBI R26,LOW(-@1)
                 	SBCI R27,HIGH(-@1)
                 	ST   X,R30
                 	.ENDM
                 
                 	.MACRO __PUTW1RN
                 	MOVW R26,R@0
                 	SUBI R26,LOW(-@1)
                 	SBCI R27,HIGH(-@1)
                 	ST   X+,R30
                 	ST   X,R31
                 	.ENDM
                 
                 	.MACRO __PUTD1RN
                 	MOVW R26,R@0
                 	SUBI R26,LOW(-@1)
                 	SBCI R27,HIGH(-@1)
                 	CALL __PUTDP1
                 	.ENDM
                 
                 	.MACRO __PUTB1RNS
                 	MOVW R26,R@0
                 	ADIW R26,@1
                 	ST   X,R30
                 	.ENDM
                 
                 	.MACRO __PUTW1RNS
                 	MOVW R26,R@0
                 	ADIW R26,@1
                 	ST   X+,R30
                 	ST   X,R31
                 	.ENDM
                 
                 	.MACRO __PUTD1RNS
                 	MOVW R26,R@0
                 	ADIW R26,@1
                 	CALL __PUTDP1
                 	.ENDM
                 
                 	.MACRO __PUTB1RON
                 	MOV  R26,R@0
                 	MOV  R27,R@1
                 	SUBI R26,LOW(-@2)
                 	SBCI R27,HIGH(-@2)
                 	ST   X,R30
                 	.ENDM
                 
                 	.MACRO __PUTW1RON
                 	MOV  R26,R@0
                 	MOV  R27,R@1
                 	SUBI R26,LOW(-@2)
                 	SBCI R27,HIGH(-@2)
                 	ST   X+,R30
                 	ST   X,R31
                 	.ENDM
                 
                 	.MACRO __PUTD1RON
                 	MOV  R26,R@0
                 	MOV  R27,R@1
                 	SUBI R26,LOW(-@2)
                 	SBCI R27,HIGH(-@2)
                 	CALL __PUTDP1
                 	.ENDM
                 
                 	.MACRO __PUTB1RONS
                 	MOV  R26,R@0
                 	MOV  R27,R@1
                 	ADIW R26,@2
                 	ST   X,R30
                 	.ENDM
                 
                 	.MACRO __PUTW1RONS
                 	MOV  R26,R@0
                 	MOV  R27,R@1
                 	ADIW R26,@2
                 	ST   X+,R30
                 	ST   X,R31
                 	.ENDM
                 
                 	.MACRO __PUTD1RONS
                 	MOV  R26,R@0
                 	MOV  R27,R@1
                 	ADIW R26,@2
                 	CALL __PUTDP1
                 	.ENDM
                 
                 
                 	.MACRO __GETB1SX
                 	MOVW R30,R28
                 	SUBI R30,LOW(-@0)
                 	SBCI R31,HIGH(-@0)
                 	LD   R30,Z
                 	.ENDM
                 
                 	.MACRO __GETB1HSX
                 	MOVW R30,R28
                 	SUBI R30,LOW(-@0)
                 	SBCI R31,HIGH(-@0)
                 	LD   R31,Z
                 	.ENDM
                 
                 	.MACRO __GETW1SX
                 	MOVW R30,R28
                 	SUBI R30,LOW(-@0)
                 	SBCI R31,HIGH(-@0)
                 	LD   R0,Z+
                 	LD   R31,Z
                 	MOV  R30,R0
                 	.ENDM
                 
                 	.MACRO __GETD1SX
                 	MOVW R30,R28
                 	SUBI R30,LOW(-@0)
                 	SBCI R31,HIGH(-@0)
                 	LD   R0,Z+
                 	LD   R1,Z+
                 	LD   R22,Z+
                 	LD   R23,Z
                 	MOVW R30,R0
                 	.ENDM
                 
                 	.MACRO __GETB2SX
                 	MOVW R26,R28
                 	SUBI R26,LOW(-@0)
                 	SBCI R27,HIGH(-@0)
                 	LD   R26,X
                 	.ENDM
                 
                 	.MACRO __GETW2SX
                 	MOVW R26,R28
                 	SUBI R26,LOW(-@0)
                 	SBCI R27,HIGH(-@0)
                 	LD   R0,X+
                 	LD   R27,X
                 	MOV  R26,R0
                 	.ENDM
                 
                 	.MACRO __GETD2SX
                 	MOVW R26,R28
                 	SUBI R26,LOW(-@0)
                 	SBCI R27,HIGH(-@0)
                 	LD   R0,X+
                 	LD   R1,X+
                 	LD   R24,X+
                 	LD   R25,X
                 	MOVW R26,R0
                 	.ENDM
                 
                 	.MACRO __GETBRSX
                 	MOVW R30,R28
                 	SUBI R30,LOW(-@1)
                 	SBCI R31,HIGH(-@1)
                 	LD   R@0,Z
                 	.ENDM
                 
                 	.MACRO __GETWRSX
                 	MOVW R30,R28
                 	SUBI R30,LOW(-@2)
                 	SBCI R31,HIGH(-@2)
                 	LD   R@0,Z+
                 	LD   R@1,Z
                 	.ENDM
                 
                 	.MACRO __GETBRSX2
                 	MOVW R26,R28
                 	SUBI R26,LOW(-@1)
                 	SBCI R27,HIGH(-@1)
                 	LD   R@0,X
                 	.ENDM
                 
                 	.MACRO __GETWRSX2
                 	MOVW R26,R28
                 	SUBI R26,LOW(-@2)
                 	SBCI R27,HIGH(-@2)
                 	LD   R@0,X+
                 	LD   R@1,X
                 	.ENDM
                 
                 	.MACRO __LSLW8SX
                 	MOVW R30,R28
                 	SUBI R30,LOW(-@0)
                 	SBCI R31,HIGH(-@0)
                 	LD   R31,Z
                 	CLR  R30
                 	.ENDM
                 
                 	.MACRO __PUTB1SX
                 	MOVW R26,R28
                 	SUBI R26,LOW(-@0)
                 	SBCI R27,HIGH(-@0)
                 	ST   X,R30
                 	.ENDM
                 
                 	.MACRO __PUTW1SX
                 	MOVW R26,R28
                 	SUBI R26,LOW(-@0)
                 	SBCI R27,HIGH(-@0)
                 	ST   X+,R30
                 	ST   X,R31
                 	.ENDM
                 
                 	.MACRO __PUTD1SX
                 	MOVW R26,R28
                 	SUBI R26,LOW(-@0)
                 	SBCI R27,HIGH(-@0)
                 	ST   X+,R30
                 	ST   X+,R31
                 	ST   X+,R22
                 	ST   X,R23
                 	.ENDM
                 
                 	.MACRO __CLRW1SX
                 	MOVW R26,R28
                 	SUBI R26,LOW(-@0)
                 	SBCI R27,HIGH(-@0)
                 	ST   X+,R30
                 	ST   X,R30
                 	.ENDM
                 
                 	.MACRO __CLRD1SX
                 	MOVW R26,R28
                 	SUBI R26,LOW(-@0)
                 	SBCI R27,HIGH(-@0)
                 	ST   X+,R30
                 	ST   X+,R30
                 	ST   X+,R30
                 	ST   X,R30
                 	.ENDM
                 
                 	.MACRO __PUTB2SX
                 	MOVW R30,R28
                 	SUBI R30,LOW(-@0)
                 	SBCI R31,HIGH(-@0)
                 	ST   Z,R26
                 	.ENDM
                 
                 	.MACRO __PUTW2SX
                 	MOVW R30,R28
                 	SUBI R30,LOW(-@0)
                 	SBCI R31,HIGH(-@0)
                 	ST   Z+,R26
                 	ST   Z,R27
                 	.ENDM
                 
                 	.MACRO __PUTD2SX
                 	MOVW R30,R28
                 	SUBI R30,LOW(-@0)
                 	SBCI R31,HIGH(-@0)
                 	ST   Z+,R26
                 	ST   Z+,R27
                 	ST   Z+,R24
                 	ST   Z,R25
                 	.ENDM
                 
                 	.MACRO __PUTBSRX
                 	MOVW R30,R28
                 	SUBI R30,LOW(-@1)
                 	SBCI R31,HIGH(-@1)
                 	ST   Z,R@0
                 	.ENDM
                 
                 	.MACRO __PUTWSRX
                 	MOVW R30,R28
                 	SUBI R30,LOW(-@2)
                 	SBCI R31,HIGH(-@2)
                 	ST   Z+,R@0
                 	ST   Z,R@1
                 	.ENDM
                 
                 	.MACRO __PUTB1SNX
                 	MOVW R26,R28
                 	SUBI R26,LOW(-@0)
                 	SBCI R27,HIGH(-@0)
                 	LD   R0,X+
                 	LD   R27,X
                 	MOV  R26,R0
                 	SUBI R26,LOW(-@1)
                 	SBCI R27,HIGH(-@1)
                 	ST   X,R30
                 	.ENDM
                 
                 	.MACRO __PUTW1SNX
                 	MOVW R26,R28
                 	SUBI R26,LOW(-@0)
                 	SBCI R27,HIGH(-@0)
                 	LD   R0,X+
                 	LD   R27,X
                 	MOV  R26,R0
                 	SUBI R26,LOW(-@1)
                 	SBCI R27,HIGH(-@1)
                 	ST   X+,R30
                 	ST   X,R31
                 	.ENDM
                 
                 	.MACRO __PUTD1SNX
                 	MOVW R26,R28
                 	SUBI R26,LOW(-@0)
                 	SBCI R27,HIGH(-@0)
                 	LD   R0,X+
                 	LD   R27,X
                 	MOV  R26,R0
                 	SUBI R26,LOW(-@1)
                 	SBCI R27,HIGH(-@1)
                 	ST   X+,R30
                 	ST   X+,R31
                 	ST   X+,R22
                 	ST   X,R23
                 	.ENDM
                 
                 	.MACRO __MULBRR
                 	MULS R@0,R@1
                 	MOVW R30,R0
                 	.ENDM
                 
                 	.MACRO __MULBRRU
                 	MUL  R@0,R@1
                 	MOVW R30,R0
                 	.ENDM
                 
                 	.MACRO __MULBRR0
                 	MULS R@0,R@1
                 	.ENDM
                 
                 	.MACRO __MULBRRU0
                 	MUL  R@0,R@1
                 	.ENDM
                 
                 	.MACRO __MULBNWRU
                 	LDI  R26,@2
                 	MUL  R26,R@0
                 	MOVW R30,R0
                 	MUL  R26,R@1
                 	ADD  R31,R0
                 	.ENDM
                 
                 ;NAME DEFINITIONS FOR GLOBAL VARIABLES ALLOCATED TO REGISTERS
                 	.DEF _str=R4
                 	.DEF _str_msb=R5
                 	.DEF __lcd_x=R7
                 	.DEF __lcd_y=R6
                 	.DEF __lcd_maxx=R9
                 
                 	.CSEG
                 	.ORG 0x00
                 
                 ;START OF CODE MARKER
                 __START_OF_CODE:
                 
                 ;INTERRUPT VECTORS
000000 940c 005c 	JMP  __RESET
000002 940c 0089 	JMP  _ext_int0_isr
000004 940c 009b 	JMP  _ext_int1_isr
000006 940c 00e9 	JMP  _timer2_comp_isr
000008 940c 0000 	JMP  0x00
00000a 940c 0000 	JMP  0x00
00000c 940c 0000 	JMP  0x00
00000e 940c 0000 	JMP  0x00
000010 940c 0000 	JMP  0x00
000012 940c 0000 	JMP  0x00
000014 940c 0000 	JMP  0x00
000016 940c 0000 	JMP  0x00
000018 940c 0000 	JMP  0x00
00001a 940c 0000 	JMP  0x00
00001c 940c 0000 	JMP  0x00
00001e 940c 0000 	JMP  0x00
000020 940c 0000 	JMP  0x00
000022 940c 0000 	JMP  0x00
000024 940c 00ab 	JMP  _ext_int2_isr
000026 940c 0000 	JMP  0x00
000028 940c 0000 	JMP  0x00
                 
                 ;REGISTER BIT VARIABLES INITIALIZATION
                 __REG_BIT_VARS:
00002a 0000      	.DW  0x0000
                 
                 _0x6:
00002b 0000
00002c be80
00002d ae14
00002e 3e87      	.DB  0x0,0x0,0x80,0xBE,0x14,0xAE,0x87,0x3E
00002f 0000
000030 0000
000031 0000
000032 0000      	.DB  0x0,0x0,0x0,0x0,0x0,0x0,0x0,0x0
000033 0000
000034 0000
000035 0000
000036 0000      	.DB  0x0,0x0,0x0,0x0,0x0,0x0,0x0,0x0
000037 126f
000038 3a83
000039 0000
00003a 4170      	.DB  0x6F,0x12,0x83,0x3A,0x0,0x0,0x70,0x41
00003b 0000
00003c 3e80      	.DB  0x0,0x0,0x80,0x3E
                 _0x0:
00003d 7073
00003e 6565
00003f 3d64
000040 7600      	.DB  0x73,0x70,0x65,0x65,0x64,0x3D,0x0,0x76
000041 6c6f
000042 6174
000043 6567
000044 003d      	.DB  0x6F,0x6C,0x74,0x61,0x67,0x65,0x3D,0x0
                 _0x2000060:
C:\Users\Shukri Dozom\Desktop\H\Debug\List\R.asm(1137): warning: .cseg .db misalignment - padding zero byte
000045 0001      	.DB  0x1
                 _0x2000000:
000046 4e2d
000047 4e41
000048 4900
000049 464e      	.DB  0x2D,0x4E,0x41,0x4E,0x0,0x49,0x4E,0x46
C:\Users\Shukri Dozom\Desktop\H\Debug\List\R.asm(1140): warning: .cseg .db misalignment - padding zero byte
00004a 0000      	.DB  0x0
                 _0x2020003:
00004b c080      	.DB  0x80,0xC0
                 
                 __GLOBAL_INI_TBL:
00004c 0001      	.DW  0x01
00004d 0002      	.DW  0x02
00004e 0054      	.DW  __REG_BIT_VARS*2
                 
00004f 0007      	.DW  0x07
000050 0160      	.DW  _0xE
000051 007a      	.DW  _0x0*2
                 
000052 0009      	.DW  0x09
000053 0167      	.DW  _0xE+7
000054 0081      	.DW  _0x0*2+7
                 
000055 0001      	.DW  0x01
000056 0184      	.DW  __seed_G100
000057 008a      	.DW  _0x2000060*2
                 
000058 0002      	.DW  0x02
000059 0188      	.DW  __base_y_G101
00005a 0096      	.DW  _0x2020003*2
                 
                 _0xFFFFFFFF:
00005b 0000      	.DW  0
                 
                 #define __GLOBAL_INI_TBL_PRESENT 1
                 
                 __RESET:
00005c 94f8      	CLI
00005d 27ee      	CLR  R30
00005e bbec      	OUT  EECR,R30
                 
                 ;INTERRUPT VECTORS ARE PLACED
                 ;AT THE START OF FLASH
00005f e0f1      	LDI  R31,1
000060 bffb      	OUT  GICR,R31
000061 bfeb      	OUT  GICR,R30
000062 bfe5      	OUT  MCUCR,R30
                 
                 ;CLEAR R2-R14
000063 e08d      	LDI  R24,(14-2)+1
000064 e0a2      	LDI  R26,2
000065 27bb      	CLR  R27
                 __CLEAR_REG:
000066 93ed      	ST   X+,R30
000067 958a      	DEC  R24
000068 f7e9      	BRNE __CLEAR_REG
                 
                 ;CLEAR SRAM
000069 e080      	LDI  R24,LOW(__CLEAR_SRAM_SIZE)
00006a e094      	LDI  R25,HIGH(__CLEAR_SRAM_SIZE)
00006b e6a0      	LDI  R26,__SRAM_START
                 __CLEAR_SRAM:
00006c 93ed      	ST   X+,R30
00006d 9701      	SBIW R24,1
00006e f7e9      	BRNE __CLEAR_SRAM
                 
                 ;GLOBAL VARIABLES INITIALIZATION
00006f e9e8      	LDI  R30,LOW(__GLOBAL_INI_TBL*2)
000070 e0f0      	LDI  R31,HIGH(__GLOBAL_INI_TBL*2)
                 __GLOBAL_INI_NEXT:
000071 9185      	LPM  R24,Z+
000072 9195      	LPM  R25,Z+
000073 9700      	SBIW R24,0
000074 f061      	BREQ __GLOBAL_INI_END
000075 91a5      	LPM  R26,Z+
000076 91b5      	LPM  R27,Z+
000077 9005      	LPM  R0,Z+
000078 9015      	LPM  R1,Z+
000079 01bf      	MOVW R22,R30
00007a 01f0      	MOVW R30,R0
                 __GLOBAL_INI_LOOP:
00007b 9005      	LPM  R0,Z+
00007c 920d      	ST   X+,R0
00007d 9701      	SBIW R24,1
00007e f7e1      	BRNE __GLOBAL_INI_LOOP
00007f 01fb      	MOVW R30,R22
000080 cff0      	RJMP __GLOBAL_INI_NEXT
                 __GLOBAL_INI_END:
                 
                 ;HARDWARE STACK POINTER INITIALIZATION
000081 e5ef      	LDI  R30,LOW(__SRAM_END-__HEAP_SIZE)
000082 bfed      	OUT  SPL,R30
000083 e0e4      	LDI  R30,HIGH(__SRAM_END-__HEAP_SIZE)
000084 bfee      	OUT  SPH,R30
                 
                 ;DATA STACK POINTER INITIALIZATION
000085 e6c0      	LDI  R28,LOW(__SRAM_START+__DSTACK_SIZE)
000086 e0d1      	LDI  R29,HIGH(__SRAM_START+__DSTACK_SIZE)
                 
000087 940c 00f0 	JMP  _main
                 
                 	.ESEG
                 	.ORG 0
                 
                 	.DSEG
                 	.ORG 0x160
                 
                 	.CSEG
                 ;/*******************************************************
                 ;This program was created by the CodeWizardAVR V3.29
                 ;Automatic Program Generator
                 ;© Copyright 1998-2016 Pavel Haiduc, HP InfoTech s.r.l.
                 ;http://www.hpinfotech.com
                 ;
                 ;Project :
                 ;Version :
                 ;Date    : 26/11/2019
                 ;Author  :
                 ;Company :
                 ;Comments:
                 ;
                 ;
                 ;Chip type               : ATmega16
                 ;Program type            : Application
                 ;AVR Core Clock frequency: 8.000000 MHz
                 ;Memory model            : Small
                 ;External RAM size       : 0
                 ;Data Stack size         : 256
                 ;*******************************************************/
                 ;
                 ;#include <io.h>
                 	#ifndef __SLEEP_DEFINED__
                 	#define __SLEEP_DEFINED__
                 	.EQU __se_bit=0x40
                 	.EQU __sm_mask=0xB0
                 	.EQU __sm_powerdown=0x20
                 	.EQU __sm_powersave=0x30
                 	.EQU __sm_standby=0xA0
                 	.EQU __sm_ext_standby=0xB0
                 	.EQU __sm_adc_noise_red=0x10
                 	.SET power_ctrl_reg=mcucr
                 	#endif
                 ;#include <mega16.h>
                 ;#include <delay.h>
                 ;#include <stdlib.h>
                 ;#include <alcd.h>
                 ;float th_k=0,th_k_1=0;
                 ;const float resolution=0.112199737628207; //56 Hole
                 ;const float double_pi=6.283185307179586;
                 ;bit sampling=0;
                 ;unsigned char *str;
                 ;float speed=0;
                 ;float voltage;
                 ;float temp=0;
                 ;
                 ;// Declare your global variables here
                 ;
                 ;// External Interrupt 0 service routine
                 ;interrupt [EXT_INT0] void ext_int0_isr(void)
                 ; 0000 0029 { // if(OCR0<255)
                 
                 	.CSEG
                 _ext_int0_isr:
                 ; .FSTART _ext_int0_isr
000089 940e 02ae 	CALL SUBOPT_0x0
                 ; 0000 002A    //OCR0=OCR0+5;
                 ; 0000 002B // Place your code here
                 ; 0000 002C if(speed<=295)
                +
00008b e0e0     +LDI R30 , LOW ( 0x43938000 )
00008c e8f0     +LDI R31 , HIGH ( 0x43938000 )
00008d e963     +LDI R22 , BYTE3 ( 0x43938000 )
00008e e473     +LDI R23 , BYTE4 ( 0x43938000 )
                 	__GETD1N 0x43938000
00008f 940e 04a2 	CALL __CMPF12
000091 f011      	BREQ PC+3
000092 f008      	BRCS PC+2
000093 c006      	RJMP _0x3
                 ; 0000 002D speed+=5;
000094 940e 02c3 	CALL SUBOPT_0x1
000096 940e 03bf 	CALL __ADDF12
000098 940e 02d0 	CALL SUBOPT_0x2
                 ; 0000 002E 
                 ; 0000 002F }
                 _0x3:
00009a c041      	RJMP _0x17
                 ; .FEND
                 ;
                 ;// External Interrupt 1 service routine
                 ;interrupt [EXT_INT1] void ext_int1_isr(void)
                 ; 0000 0033 {
                 _ext_int1_isr:
                 ; .FSTART _ext_int1_isr
00009b 940e 02ae 	CALL SUBOPT_0x0
                 ; 0000 0034 //if (OCR0>=5)
                 ; 0000 0035 // OCR0=OCR0-5;
                 ; 0000 0036 // Place your code here
                 ; 0000 0037 
                 ; 0000 0038 if(speed>=5) speed-=5;
                +
00009d e0e0     +LDI R30 , LOW ( 0x40A00000 )
00009e e0f0     +LDI R31 , HIGH ( 0x40A00000 )
00009f ea60     +LDI R22 , BYTE3 ( 0x40A00000 )
0000a0 e470     +LDI R23 , BYTE4 ( 0x40A00000 )
                 	__GETD1N 0x40A00000
0000a1 940e 04a2 	CALL __CMPF12
0000a3 f030      	BRLO _0x4
0000a4 940e 02c3 	CALL SUBOPT_0x1
0000a6 940e 03b8 	CALL __SUBF12
0000a8 940e 02d0 	CALL SUBOPT_0x2
                 ; 0000 0039 
                 ; 0000 003A }
                 _0x4:
0000aa c031      	RJMP _0x17
                 ; .FEND
                 ;
                 ;// External Interrupt 2 service routine
                 ;interrupt [EXT_INT2] void ext_int2_isr(void)
                 ; 0000 003E {
                 _ext_int2_isr:
                 ; .FSTART _ext_int2_isr
0000ab 920a      	ST   -Y,R0
0000ac 921a      	ST   -Y,R1
0000ad 936a      	ST   -Y,R22
0000ae 937a      	ST   -Y,R23
0000af 938a      	ST   -Y,R24
0000b0 939a      	ST   -Y,R25
0000b1 93aa      	ST   -Y,R26
0000b2 93ba      	ST   -Y,R27
0000b3 93ea      	ST   -Y,R30
0000b4 93fa      	ST   -Y,R31
0000b5 b7ef      	IN   R30,SREG
0000b6 93ea      	ST   -Y,R30
                 ; 0000 003F th_k+=resolution;
0000b7 940e 02d9 	CALL SUBOPT_0x3
                +
0000b9 efaa     +LDI R26 , LOW ( 0x3DE5C8FA )
0000ba ecb8     +LDI R27 , HIGH ( 0x3DE5C8FA )
0000bb ee85     +LDI R24 , BYTE3 ( 0x3DE5C8FA )
0000bc e39d     +LDI R25 , BYTE4 ( 0x3DE5C8FA )
                 	__GETD2N 0x3DE5C8FA
0000bd 940e 03bf 	CALL __ADDF12
0000bf 940e 02e2 	CALL SUBOPT_0x4
                 ; 0000 0040 if(th_k>double_pi) th_k-=double_pi;
0000c1 91a0 0170 	LDS  R26,_th_k
0000c3 91b0 0171 	LDS  R27,_th_k+1
0000c5 9180 0172 	LDS  R24,_th_k+2
0000c7 9190 0173 	LDS  R25,_th_k+3
                +
0000c9 edeb     +LDI R30 , LOW ( 0x40C90FDB )
0000ca e0ff     +LDI R31 , HIGH ( 0x40C90FDB )
0000cb ec69     +LDI R22 , BYTE3 ( 0x40C90FDB )
0000cc e470     +LDI R23 , BYTE4 ( 0x40C90FDB )
                 	__GETD1N 0x40C90FDB
0000cd 940e 04a2 	CALL __CMPF12
0000cf f009      	BREQ PC+2
0000d0 f408      	BRCC PC+2
0000d1 c00a      	RJMP _0x5
0000d2 940e 02d9 	CALL SUBOPT_0x3
                +
0000d4 edab     +LDI R26 , LOW ( 0x40C90FDB )
0000d5 e0bf     +LDI R27 , HIGH ( 0x40C90FDB )
0000d6 ec89     +LDI R24 , BYTE3 ( 0x40C90FDB )
0000d7 e490     +LDI R25 , BYTE4 ( 0x40C90FDB )
                 	__GETD2N 0x40C90FDB
0000d8 940e 03b8 	CALL __SUBF12
0000da 940e 02e2 	CALL SUBOPT_0x4
                 ; 0000 0041 // Place your code here
                 ; 0000 0042 
                 ; 0000 0043 }
                 _0x5:
                 _0x17:
0000dc 91e9      	LD   R30,Y+
0000dd bfef      	OUT  SREG,R30
0000de 91f9      	LD   R31,Y+
0000df 91e9      	LD   R30,Y+
0000e0 91b9      	LD   R27,Y+
0000e1 91a9      	LD   R26,Y+
0000e2 9199      	LD   R25,Y+
0000e3 9189      	LD   R24,Y+
0000e4 9179      	LD   R23,Y+
0000e5 9169      	LD   R22,Y+
0000e6 9019      	LD   R1,Y+
0000e7 9009      	LD   R0,Y+
0000e8 9518      	RETI
                 ; .FEND
                 ;
                 ;// Timer2 output compare interrupt service routine
                 ;interrupt [TIM2_COMP] void timer2_comp_isr(void)  //for Ts pid
                 ; 0000 0047 {
                 _timer2_comp_isr:
                 ; .FSTART _timer2_comp_isr
0000e9 93ea      	ST   -Y,R30
0000ea b7ef      	IN   R30,SREG
                 ; 0000 0048   sampling=1;
0000eb 9468      	SET
0000ec f820      	BLD  R2,0
                 ; 0000 0049 
                 ; 0000 004A }
0000ed bfef      	OUT  SREG,R30
0000ee 91e9      	LD   R30,Y+
0000ef 9518      	RETI
                 ; .FEND
                 ;
                 ;
                 ;
                 ;void main(void)
                 ; 0000 004F {
                 _main:
                 ; .FSTART _main
                 ; 0000 0050 
                 ; 0000 0051 
                 ; 0000 0052 
                 ; 0000 0053 
                 ; 0000 0054 const float kp=0.25,ki=15,Ts=0.001;
                 ; 0000 0055 float e_k=0,e_k_1=0;
                 ; 0000 0056 float u_k=0,u_k_1=0;
                 ; 0000 0057 const float a=(kp+ki*Ts),b=-kp;
                 ; 0000 0058 float speed_real;
                 ; 0000 0059 
                 ; 0000 005A 
                 ; 0000 005B PORTD.2=1;
0000f0 97a8      	SBIW R28,40
0000f1 e284      	LDI  R24,36
0000f2 e0a4      	LDI  R26,LOW(4)
0000f3 e0b0      	LDI  R27,HIGH(4)
0000f4 e5e6      	LDI  R30,LOW(_0x6*2)
0000f5 e0f0      	LDI  R31,HIGH(_0x6*2)
0000f6 940e 04d9 	CALL __INITLOCB
                 ;	kp -> Y+36
                 ;	ki -> Y+32
                 ;	Ts -> Y+28
                 ;	e_k -> Y+24
                 ;	e_k_1 -> Y+20
                 ;	u_k -> Y+16
                 ;	u_k_1 -> Y+12
                 ;	a -> Y+8
                 ;	b -> Y+4
                 ;	speed_real -> Y+0
0000f8 9a92      	SBI  0x12,2
                 ; 0000 005C PORTD.3=1;
0000f9 9a93      	SBI  0x12,3
                 ; 0000 005D 
                 ; 0000 005E 
                 ; 0000 005F TCCR0=0b01001100;
0000fa e4ec      	LDI  R30,LOW(76)
0000fb bfe3      	OUT  0x33,R30
                 ; 0000 0060 // Declare your local variables here
                 ; 0000 0061 
                 ; 0000 0062 // Input/Output Ports initialization
                 ; 0000 0063 // Port A initialization
                 ; 0000 0064 // Function: Bit7=In Bit6=In Bit5=In Bit4=In Bit3=In Bit2=In Bit1=In Bit0=In
                 ; 0000 0065 DDRA=(0<<DDA7) | (0<<DDA6) | (0<<DDA5) | (0<<DDA4) | (0<<DDA3) | (0<<DDA2) | (0<<DDA1) | (0<<DDA0);
0000fc e0e0      	LDI  R30,LOW(0)
0000fd bbea      	OUT  0x1A,R30
                 ; 0000 0066 // State: Bit7=T Bit6=T Bit5=T Bit4=T Bit3=T Bit2=T Bit1=T Bit0=T
                 ; 0000 0067 PORTA=(0<<PORTA7) | (0<<PORTA6) | (0<<PORTA5) | (0<<PORTA4) | (0<<PORTA3) | (0<<PORTA2) | (0<<PORTA1) | (0<<PORTA0);
0000fe bbeb      	OUT  0x1B,R30
                 ; 0000 0068 
                 ; 0000 0069 // Port B initialization
                 ; 0000 006A // Function: Bit7=In Bit6=In Bit5=In Bit4=In Bit3=Out Bit2=In Bit1=In Bit0=In
                 ; 0000 006B DDRB=(0<<DDB7) | (0<<DDB6) | (0<<DDB5) | (0<<DDB4) | (1<<DDB3) | (0<<DDB2) | (0<<DDB1) | (0<<DDB0);
0000ff e0e8      	LDI  R30,LOW(8)
000100 bbe7      	OUT  0x17,R30
                 ; 0000 006C // State: Bit7=T Bit6=T Bit5=T Bit4=T Bit3=0 Bit2=T Bit1=T Bit0=T
                 ; 0000 006D PORTB=(0<<PORTB7) | (0<<PORTB6) | (0<<PORTB5) | (0<<PORTB4) | (0<<PORTB3) | (0<<PORTB2) | (0<<PORTB1) | (0<<PORTB0);
000101 e0e0      	LDI  R30,LOW(0)
000102 bbe8      	OUT  0x18,R30
                 ; 0000 006E 
                 ; 0000 006F // Port C initialization
                 ; 0000 0070 // Function: Bit7=In Bit6=In Bit5=In Bit4=In Bit3=In Bit2=In Bit1=In Bit0=In
                 ; 0000 0071 DDRC=(0<<DDC7) | (0<<DDC6) | (0<<DDC5) | (0<<DDC4) | (0<<DDC3) | (0<<DDC2) | (0<<DDC1) | (0<<DDC0);
000103 bbe4      	OUT  0x14,R30
                 ; 0000 0072 // State: Bit7=T Bit6=T Bit5=T Bit4=T Bit3=T Bit2=T Bit1=T Bit0=T
                 ; 0000 0073 PORTC=(0<<PORTC7) | (0<<PORTC6) | (0<<PORTC5) | (0<<PORTC4) | (0<<PORTC3) | (0<<PORTC2) | (0<<PORTC1) | (0<<PORTC0);
000104 bbe5      	OUT  0x15,R30
                 ; 0000 0074 
                 ; 0000 0075 // Port D initialization
                 ; 0000 0076 // Function: Bit7=In Bit6=In Bit5=In Bit4=In Bit3=In Bit2=In Bit1=In Bit0=In
                 ; 0000 0077 DDRD=(0<<DDD7) | (0<<DDD6) | (0<<DDD5) | (0<<DDD4) | (0<<DDD3) | (0<<DDD2) | (0<<DDD1) | (0<<DDD0);
000105 bbe1      	OUT  0x11,R30
                 ; 0000 0078 // State: Bit7=T Bit6=T Bit5=T Bit4=T Bit3=P Bit2=P Bit1=T Bit0=T
                 ; 0000 0079 PORTD=(0<<PORTD7) | (0<<PORTD6) | (0<<PORTD5) | (0<<PORTD4) | (1<<PORTD3) | (1<<PORTD2) | (0<<PORTD1) | (0<<PORTD0);
000106 e0ec      	LDI  R30,LOW(12)
000107 bbe2      	OUT  0x12,R30
                 ; 0000 007A 
                 ; 0000 007B // Timer/Counter 0 initialization
                 ; 0000 007C // Clock source: System Clock
                 ; 0000 007D // Clock value: 125.000 kHz
                 ; 0000 007E // Mode: Fast PWM top=0xFF
                 ; 0000 007F // OC0 output: Non-Inverted PWM
                 ; 0000 0080 // Timer Period: 2.048 ms
                 ; 0000 0081 // Output Pulse(s):
                 ; 0000 0082 // OC0 Period: 2.048 ms Width: 0 us
                 ; 0000 0083 TCCR0=(1<<WGM00) | (1<<COM01) | (0<<COM00) | (1<<WGM01) | (0<<CS02) | (1<<CS01) | (1<<CS00);
000108 e6eb      	LDI  R30,LOW(107)
000109 bfe3      	OUT  0x33,R30
                 ; 0000 0084 TCNT0=0x00;
00010a e0e0      	LDI  R30,LOW(0)
00010b bfe2      	OUT  0x32,R30
                 ; 0000 0085 OCR0=0;
00010c bfec      	OUT  0x3C,R30
                 ; 0000 0086 
                 ; 0000 0087 // Timer/Counter 2 initialization
                 ; 0000 0088 // Clock source: System Clock
                 ; 0000 0089 // Clock value: 250.000 kHz
                 ; 0000 008A // Mode: CTC top=OCR2A
                 ; 0000 008B // OC2 output: Disconnected
                 ; 0000 008C // Timer Period: 1 ms
                 ; 0000 008D ASSR=0<<AS2;
00010d bde2      	OUT  0x22,R30
                 ; 0000 008E TCCR2=(0<<PWM2) | (0<<COM21) | (0<<COM20) | (1<<CTC2) | (0<<CS22) | (1<<CS21) | (1<<CS20);
00010e e0eb      	LDI  R30,LOW(11)
00010f bde5      	OUT  0x25,R30
                 ; 0000 008F TCNT2=0x00;
000110 e0e0      	LDI  R30,LOW(0)
000111 bde4      	OUT  0x24,R30
                 ; 0000 0090 OCR2=0xF9;
000112 efe9      	LDI  R30,LOW(249)
000113 bde3      	OUT  0x23,R30
                 ; 0000 0091 
                 ; 0000 0092 
                 ; 0000 0093 // Timer(s)/Counter(s) Interrupt(s) initialization
                 ; 0000 0094 TIMSK=(1<<OCIE2) | (0<<TOIE2) | (0<<TICIE1) | (0<<OCIE1A) | (0<<OCIE1B) | (0<<TOIE1) | (0<<OCIE0) | (0<<TOIE0);
000114 e8e0      	LDI  R30,LOW(128)
000115 bfe9      	OUT  0x39,R30
                 ; 0000 0095 
                 ; 0000 0096 // External Interrupt(s) initialization
                 ; 0000 0097 // INT0: On
                 ; 0000 0098 // INT0 Mode: Falling Edge
                 ; 0000 0099 // INT1: On
                 ; 0000 009A // INT1 Mode: Falling Edge
                 ; 0000 009B // INT2: On
                 ; 0000 009C // INT2 Mode: Falling Edge
                 ; 0000 009D GICR|=(1<<INT1) | (1<<INT0) | (1<<INT2);
000116 b7eb      	IN   R30,0x3B
000117 6ee0      	ORI  R30,LOW(0xE0)
000118 bfeb      	OUT  0x3B,R30
                 ; 0000 009E MCUCR=(1<<ISC11) | (0<<ISC10) | (1<<ISC01) | (0<<ISC00);
000119 e0ea      	LDI  R30,LOW(10)
00011a bfe5      	OUT  0x35,R30
                 ; 0000 009F MCUCSR=(0<<ISC2);
00011b e0e0      	LDI  R30,LOW(0)
00011c bfe4      	OUT  0x34,R30
                 ; 0000 00A0 GIFR=(1<<INTF1) | (1<<INTF0) | (1<<INTF2);
00011d eee0      	LDI  R30,LOW(224)
00011e bfea      	OUT  0x3A,R30
                 ; 0000 00A1 
                 ; 0000 00A2 // Alphanumeric LCD initialization
                 ; 0000 00A3 // Connections are specified in the
                 ; 0000 00A4 // Project|Configure|C Compiler|Libraries|Alphanumeric LCD menu:
                 ; 0000 00A5 // RS - PORTC Bit 0
                 ; 0000 00A6 // RD - PORTC Bit 1
                 ; 0000 00A7 // EN - PORTC Bit 2
                 ; 0000 00A8 // D4 - PORTC Bit 4
                 ; 0000 00A9 // D5 - PORTC Bit 5
                 ; 0000 00AA // D6 - PORTC Bit 6
                 ; 0000 00AB // D7 - PORTC Bit 7
                 ; 0000 00AC // Characters/line: 16
                 ; 0000 00AD lcd_init(16);
00011f e1a0      	LDI  R26,LOW(16)
000120 940e 0280 	CALL _lcd_init
                 ; 0000 00AE 
                 ; 0000 00AF // Globally enable interrupts
                 ; 0000 00B0 #asm("sei")
000122 9478      	sei
                 ; 0000 00B1 
                 ; 0000 00B2 while (1)
                 _0xB:
                 ; 0000 00B3       {
                 ; 0000 00B4 
                 ; 0000 00B5 
                 ; 0000 00B6           lcd_clear();
000123 940e 024e 	CALL _lcd_clear
                 ; 0000 00B7       lcd_puts("speed=");
                +
000125 e6a0     +LDI R26 , LOW ( _0xE + ( 0 ) )
000126 e0b1     +LDI R27 , HIGH ( _0xE + ( 0 ) )
                 	__POINTW2MN _0xE,0
000127 940e 026f 	CALL _lcd_puts
                 ; 0000 00B8       itoa(speed,str);
000129 940e 02eb 	CALL SUBOPT_0x5
00012b 940e 02f4 	CALL SUBOPT_0x6
                 ; 0000 00B9       lcd_puts(str);
                 ; 0000 00BA       voltage=0.047*OCR0;
00012d b7ec      	IN   R30,0x3C
00012e e0f0      	LDI  R31,0
00012f 940e 04ca 	CALL __CWD1
000131 940e 0385 	CALL __CDF1
                +
000133 e1a2     +LDI R26 , LOW ( 0x3D408312 )
000134 e8b3     +LDI R27 , HIGH ( 0x3D408312 )
000135 e480     +LDI R24 , BYTE3 ( 0x3D408312 )
000136 e39d     +LDI R25 , BYTE4 ( 0x3D408312 )
                 	__GETD2N 0x3D408312
000137 940e 040f 	CALL __MULF12
000139 93e0 017c 	STS  _voltage,R30
00013b 93f0 017d 	STS  _voltage+1,R31
00013d 9360 017e 	STS  _voltage+2,R22
00013f 9370 017f 	STS  _voltage+3,R23
                 ; 0000 00BB       lcd_gotoxy(0,1);
000141 e0e0      	LDI  R30,LOW(0)
000142 93ea      	ST   -Y,R30
000143 e0a1      	LDI  R26,LOW(1)
000144 940e 0241 	CALL _lcd_gotoxy
                 ; 0000 00BC       lcd_puts("voltage=");
                +
000146 e6a7     +LDI R26 , LOW ( _0xE + ( 7 ) )
000147 e0b1     +LDI R27 , HIGH ( _0xE + ( 7 ) )
                 	__POINTW2MN _0xE,7
000148 940e 026f 	CALL _lcd_puts
                 ; 0000 00BD       itoa(voltage,str);
00014a 91e0 017c 	LDS  R30,_voltage
00014c 91f0 017d 	LDS  R31,_voltage+1
00014e 9160 017e 	LDS  R22,_voltage+2
000150 9170 017f 	LDS  R23,_voltage+3
000152 940e 02f4 	CALL SUBOPT_0x6
                 ; 0000 00BE       lcd_puts(str);
                 ; 0000 00BF       delay_ms(20);
000154 e1a4      	LDI  R26,LOW(20)
000155 e0b0      	LDI  R27,0
000156 940e 0315 	CALL _delay_ms
                 ; 0000 00C0       // Place your code here
                 ; 0000 00C1 
                 ; 0000 00C2 
                 ; 0000 00C3 
                 ; 0000 00C4 
                 ; 0000 00C5       if(sampling==1) {
000158 fe20      	SBRS R2,0
000159 c097      	RJMP _0xF
                 ; 0000 00C6 
                 ; 0000 00C7       //mesauring speed:
                 ; 0000 00C8       temp=th_k-th_k_1;
00015a 91a0 0174 	LDS  R26,_th_k_1
00015c 91b0 0175 	LDS  R27,_th_k_1+1
00015e 9180 0176 	LDS  R24,_th_k_1+2
000160 9190 0177 	LDS  R25,_th_k_1+3
000162 940e 02d9 	CALL SUBOPT_0x3
000164 940e 03b8 	CALL __SUBF12
000166 940e 02fe 	CALL SUBOPT_0x7
                 ; 0000 00C9       if(temp<0) temp+=double_pi;
000168 91a0 0183 	LDS  R26,_temp+3
00016a 23aa      	TST  R26
00016b f482      	BRPL _0x10
00016c 91e0 0180 	LDS  R30,_temp
00016e 91f0 0181 	LDS  R31,_temp+1
000170 9160 0182 	LDS  R22,_temp+2
000172 9170 0183 	LDS  R23,_temp+3
                +
000174 edab     +LDI R26 , LOW ( 0x40C90FDB )
000175 e0bf     +LDI R27 , HIGH ( 0x40C90FDB )
000176 ec89     +LDI R24 , BYTE3 ( 0x40C90FDB )
000177 e490     +LDI R25 , BYTE4 ( 0x40C90FDB )
                 	__GETD2N 0x40C90FDB
000178 940e 03bf 	CALL __ADDF12
00017a 940e 02fe 	CALL SUBOPT_0x7
                 ; 0000 00CA       speed_real=(temp)/Ts;
                 _0x10:
00017c 91a0 0180 	LDS  R26,_temp
00017e 91b0 0181 	LDS  R27,_temp+1
000180 9180 0182 	LDS  R24,_temp+2
000182 9190 0183 	LDS  R25,_temp+3
                +
000184 e6ef     +LDI R30 , LOW ( 0x3A83126F )
000185 e1f2     +LDI R31 , HIGH ( 0x3A83126F )
000186 e863     +LDI R22 , BYTE3 ( 0x3A83126F )
000187 e37a     +LDI R23 , BYTE4 ( 0x3A83126F )
                 	__GETD1N 0x3A83126F
000188 940e 045d 	CALL __DIVF21
00018a 940e 04d4 	CALL __PUTD1S0
                 ; 0000 00CB       th_k_1=th_k;
00018c 940e 02d9 	CALL SUBOPT_0x3
00018e 93e0 0174 	STS  _th_k_1,R30
000190 93f0 0175 	STS  _th_k_1+1,R31
000192 9360 0176 	STS  _th_k_1+2,R22
000194 9370 0177 	STS  _th_k_1+3,R23
                 ; 0000 00CC       e_k=speed-speed_real;
000196 940e 04cf 	CALL __GETD2S0
000198 940e 02eb 	CALL SUBOPT_0x5
00019a 940e 03b8 	CALL __SUBF12
                +
00019c 8fe8     +STD Y + 24 , R30
00019d 8ff9     +STD Y + 24 + 1 , R31
00019e 8f6a     +STD Y + 24 + 2 , R22
00019f 8f7b     +STD Y + 24 + 3 , R23
                 	__PUTD1S 24
                 ; 0000 00CD 
                 ; 0000 00CE 					u_k=a*e_k+b*e_k_1+u_k_1;
                +
0001a0 e1a4     +LDI R26 , LOW ( 0x3E87AE14 )
0001a1 eabe     +LDI R27 , HIGH ( 0x3E87AE14 )
0001a2 e887     +LDI R24 , BYTE3 ( 0x3E87AE14 )
0001a3 e39e     +LDI R25 , BYTE4 ( 0x3E87AE14 )
                 	__GETD2N 0x3E87AE14
0001a4 940e 040f 	CALL __MULF12
0001a6 937f      	PUSH R23
0001a7 936f      	PUSH R22
0001a8 93ff      	PUSH R31
0001a9 93ef      	PUSH R30
                +
0001aa 89ec     +LDD R30 , Y + 20
0001ab 89fd     +LDD R31 , Y + 20 + 1
0001ac 896e     +LDD R22 , Y + 20 + 2
0001ad 897f     +LDD R23 , Y + 20 + 3
                 	__GETD1S 20
                +
0001ae e0a0     +LDI R26 , LOW ( 0xBE800000 )
0001af e0b0     +LDI R27 , HIGH ( 0xBE800000 )
0001b0 e880     +LDI R24 , BYTE3 ( 0xBE800000 )
0001b1 eb9e     +LDI R25 , BYTE4 ( 0xBE800000 )
                 	__GETD2N 0xBE800000
0001b2 940e 040f 	CALL __MULF12
0001b4 91af      	POP  R26
0001b5 91bf      	POP  R27
0001b6 918f      	POP  R24
0001b7 919f      	POP  R25
0001b8 940e 03bf 	CALL __ADDF12
                +
0001ba 85ac     +LDD R26 , Y + 12
0001bb 85bd     +LDD R27 , Y + 12 + 1
0001bc 858e     +LDD R24 , Y + 12 + 2
0001bd 859f     +LDD R25 , Y + 12 + 3
                 	__GETD2S 12
0001be 940e 03bf 	CALL __ADDF12
                +
0001c0 8be8     +STD Y + 16 , R30
0001c1 8bf9     +STD Y + 16 + 1 , R31
0001c2 8b6a     +STD Y + 16 + 2 , R22
0001c3 8b7b     +STD Y + 16 + 3 , R23
                 	__PUTD1S 16
                 ; 0000 00CF 					u_k_1=u_k;
                +
0001c4 87ec     +STD Y + 12 , R30
0001c5 87fd     +STD Y + 12 + 1 , R31
0001c6 876e     +STD Y + 12 + 2 , R22
0001c7 877f     +STD Y + 12 + 3 , R23
                 	__PUTD1S 12
                 ; 0000 00D0 					e_k_1=e_k;
                +
0001c8 8de8     +LDD R30 , Y + 24
0001c9 8df9     +LDD R31 , Y + 24 + 1
0001ca 8d6a     +LDD R22 , Y + 24 + 2
0001cb 8d7b     +LDD R23 , Y + 24 + 3
                 	__GETD1S 24
                +
0001cc 8bec     +STD Y + 20 , R30
0001cd 8bfd     +STD Y + 20 + 1 , R31
0001ce 8b6e     +STD Y + 20 + 2 , R22
0001cf 8b7f     +STD Y + 20 + 3 , R23
                 	__PUTD1S 20
                 ; 0000 00D1 
                 ; 0000 00D2 
                 ; 0000 00D3 
                 ; 0000 00D4                     if(u_k<0) OCR0=0;
0001d0 89ab      	LDD  R26,Y+19
0001d1 23aa      	TST  R26
0001d2 f412      	BRPL _0x11
0001d3 e0e0      	LDI  R30,LOW(0)
0001d4 c019      	RJMP _0x16
                 ; 0000 00D5                     else if(u_k>=12) OCR0=254;
                 _0x11:
                +
0001d5 89a8     +LDD R26 , Y + 16
0001d6 89b9     +LDD R27 , Y + 16 + 1
0001d7 898a     +LDD R24 , Y + 16 + 2
0001d8 899b     +LDD R25 , Y + 16 + 3
                 	__GETD2S 16
                +
0001d9 e0e0     +LDI R30 , LOW ( 0x41400000 )
0001da e0f0     +LDI R31 , HIGH ( 0x41400000 )
0001db e460     +LDI R22 , BYTE3 ( 0x41400000 )
0001dc e471     +LDI R23 , BYTE4 ( 0x41400000 )
                 	__GETD1N 0x41400000
0001dd 940e 04a2 	CALL __CMPF12
0001df f010      	BRLO _0x13
0001e0 efee      	LDI  R30,LOW(254)
0001e1 c00c      	RJMP _0x16
                 ; 0000 00D6                     else OCR0=21.6667*u_k;
                 _0x13:
                +
0001e2 89e8     +LDD R30 , Y + 16
0001e3 89f9     +LDD R31 , Y + 16 + 1
0001e4 896a     +LDD R22 , Y + 16 + 2
0001e5 897b     +LDD R23 , Y + 16 + 3
                 	__GETD1S 16
                +
0001e6 e6a7     +LDI R26 , LOW ( 0x41AD5567 )
0001e7 e5b5     +LDI R27 , HIGH ( 0x41AD5567 )
0001e8 ea8d     +LDI R24 , BYTE3 ( 0x41AD5567 )
0001e9 e491     +LDI R25 , BYTE4 ( 0x41AD5567 )
                 	__GETD2N 0x41AD5567
0001ea 940e 040f 	CALL __MULF12
0001ec 940e 034c 	CALL __CFD1U
                 _0x16:
0001ee bfec      	OUT  0x3C,R30
                 ; 0000 00D7 
                 ; 0000 00D8 
                 ; 0000 00D9 			sampling=0;
0001ef 94e8      	CLT
0001f0 f820      	BLD  R2,0
                 ; 0000 00DA 				}
                 ; 0000 00DB 
                 ; 0000 00DC       }
                 _0xF:
0001f1 cf31      	RJMP _0xB
                 ; 0000 00DD }
                 _0x15:
0001f2 cfff      	RJMP _0x15
                 ; .FEND
                 
                 	.DSEG
                 _0xE:
000160           	.BYTE 0x10
                 
                 	.CSEG
                 _itoa:
                 ; .FSTART _itoa
0001f3 93ba      	ST   -Y,R27
0001f4 93aa      	ST   -Y,R26
0001f5 91a9          ld   r26,y+
0001f6 91b9          ld   r27,y+
0001f7 91e9          ld   r30,y+
0001f8 91f9          ld   r31,y+
0001f9 9630          adiw r30,0
0001fa f42a          brpl __itoa0
0001fb 95e0          com  r30
0001fc 95f0          com  r31
0001fd 9631          adiw r30,1
0001fe e26d          ldi  r22,'-'
0001ff 936d          st   x+,r22
                 __itoa0:
000200 94e8          clt
000201 e180          ldi  r24,low(10000)
000202 e297          ldi  r25,high(10000)
000203 d00d          rcall __itoa1
000204 ee88          ldi  r24,low(1000)
000205 e093          ldi  r25,high(1000)
000206 d00a          rcall __itoa1
000207 e684          ldi  r24,100
000208 2799          clr  r25
000209 d007          rcall __itoa1
00020a e08a          ldi  r24,10
00020b d005          rcall __itoa1
00020c 2f6e          mov  r22,r30
00020d d010          rcall __itoa5
00020e 2766          clr  r22
00020f 936c          st   x,r22
000210 9508          ret
                 
                 __itoa1:
000211 2766          clr	 r22
                 __itoa2:
000212 17e8          cp   r30,r24
000213 07f9          cpc  r31,r25
000214 f020          brlo __itoa3
000215 9563          inc  r22
000216 1be8          sub  r30,r24
000217 0bf9          sbc  r31,r25
000218 f7c9          brne __itoa2
                 __itoa3:
000219 2366          tst  r22
00021a f411          brne __itoa4
00021b f016          brts __itoa5
00021c 9508          ret
                 __itoa4:
00021d 9468          set
                 __itoa5:
00021e 5d60          subi r22,-0x30
00021f 936d          st   x+,r22
000220 9508          ret
                 ; .FEND
                 
                 	.DSEG
                 
                 	.CSEG
                 	#ifndef __SLEEP_DEFINED__
                 	#endif
                 
                 	.DSEG
                 
                 	.CSEG
                 __lcd_write_nibble_G101:
                 ; .FSTART __lcd_write_nibble_G101
000221 93aa      	ST   -Y,R26
000222 b3e5      	IN   R30,0x15
000223 70ef      	ANDI R30,LOW(0xF)
000224 2fae      	MOV  R26,R30
000225 81e8      	LD   R30,Y
000226 7fe0      	ANDI R30,LOW(0xF0)
000227 2bea      	OR   R30,R26
000228 bbe5      	OUT  0x15,R30
                +
000229 e08d     +LDI R24 , LOW ( 13 )
                +__DELAY_USB_LOOP :
00022a 958a     +DEC R24
00022b f7f1     +BRNE __DELAY_USB_LOOP
                 	__DELAY_USB 13
00022c 9aaa      	SBI  0x15,2
                +
00022d e08d     +LDI R24 , LOW ( 13 )
                +__DELAY_USB_LOOP :
00022e 958a     +DEC R24
00022f f7f1     +BRNE __DELAY_USB_LOOP
                 	__DELAY_USB 13
000230 98aa      	CBI  0x15,2
                +
000231 e08d     +LDI R24 , LOW ( 13 )
                +__DELAY_USB_LOOP :
000232 958a     +DEC R24
000233 f7f1     +BRNE __DELAY_USB_LOOP
                 	__DELAY_USB 13
000234 c077      	RJMP _0x20A0001
                 ; .FEND
                 __lcd_write_data:
                 ; .FSTART __lcd_write_data
000235 93aa      	ST   -Y,R26
000236 81a8      	LD   R26,Y
000237 dfe9      	RCALL __lcd_write_nibble_G101
000238 81e8          ld    r30,y
000239 95e2          swap  r30
00023a 83e8          st    y,r30
00023b 81a8      	LD   R26,Y
00023c dfe4      	RCALL __lcd_write_nibble_G101
                +
00023d e885     +LDI R24 , LOW ( 133 )
                +__DELAY_USB_LOOP :
00023e 958a     +DEC R24
00023f f7f1     +BRNE __DELAY_USB_LOOP
                 	__DELAY_USB 133
000240 c06b      	RJMP _0x20A0001
                 ; .FEND
                 _lcd_gotoxy:
                 ; .FSTART _lcd_gotoxy
000241 93aa      	ST   -Y,R26
000242 81e8      	LD   R30,Y
000243 e0f0      	LDI  R31,0
000244 57e8      	SUBI R30,LOW(-__base_y_G101)
000245 4ffe      	SBCI R31,HIGH(-__base_y_G101)
000246 81e0      	LD   R30,Z
000247 81a9      	LDD  R26,Y+1
000248 0fae      	ADD  R26,R30
000249 dfeb      	RCALL __lcd_write_data
00024a 8079      	LDD  R7,Y+1
00024b 8068      	LDD  R6,Y+0
00024c 9622      	ADIW R28,2
00024d 9508      	RET
                 ; .FEND
                 _lcd_clear:
                 ; .FSTART _lcd_clear
00024e e0a2      	LDI  R26,LOW(2)
00024f 940e 0307 	CALL SUBOPT_0x8
000251 e0ac      	LDI  R26,LOW(12)
000252 dfe2      	RCALL __lcd_write_data
000253 e0a1      	LDI  R26,LOW(1)
000254 940e 0307 	CALL SUBOPT_0x8
000256 e0e0      	LDI  R30,LOW(0)
000257 2e6e      	MOV  R6,R30
000258 2e7e      	MOV  R7,R30
000259 9508      	RET
                 ; .FEND
                 _lcd_putchar:
                 ; .FSTART _lcd_putchar
00025a 93aa      	ST   -Y,R26
00025b 81a8      	LD   R26,Y
00025c 30aa      	CPI  R26,LOW(0xA)
00025d f011      	BREQ _0x2020005
00025e 1479      	CP   R7,R9
00025f f048      	BRLO _0x2020004
                 _0x2020005:
000260 e0e0      	LDI  R30,LOW(0)
000261 93ea      	ST   -Y,R30
000262 9463      	INC  R6
000263 2da6      	MOV  R26,R6
000264 dfdc      	RCALL _lcd_gotoxy
000265 81a8      	LD   R26,Y
000266 30aa      	CPI  R26,LOW(0xA)
000267 f409      	BRNE _0x2020007
000268 c043      	RJMP _0x20A0001
                 _0x2020007:
                 _0x2020004:
000269 9473      	INC  R7
00026a 9aa8      	SBI  0x15,0
00026b 81a8      	LD   R26,Y
00026c dfc8      	RCALL __lcd_write_data
00026d 98a8      	CBI  0x15,0
00026e c03d      	RJMP _0x20A0001
                 ; .FEND
                 _lcd_puts:
                 ; .FSTART _lcd_puts
00026f 93ba      	ST   -Y,R27
000270 93aa      	ST   -Y,R26
000271 931a      	ST   -Y,R17
                 _0x2020008:
000272 81a9      	LDD  R26,Y+1
000273 81ba      	LDD  R27,Y+1+1
000274 91ed      	LD   R30,X+
000275 83a9      	STD  Y+1,R26
000276 83ba      	STD  Y+1+1,R27
000277 2f1e      	MOV  R17,R30
000278 30e0      	CPI  R30,0
000279 f019      	BREQ _0x202000A
00027a 2fa1      	MOV  R26,R17
00027b dfde      	RCALL _lcd_putchar
00027c cff5      	RJMP _0x2020008
                 _0x202000A:
00027d 8118      	LDD  R17,Y+0
00027e 9623      	ADIW R28,3
00027f 9508      	RET
                 ; .FEND
                 _lcd_init:
                 ; .FSTART _lcd_init
000280 93aa      	ST   -Y,R26
000281 b3e4      	IN   R30,0x14
000282 6fe0      	ORI  R30,LOW(0xF0)
000283 bbe4      	OUT  0x14,R30
000284 9aa2      	SBI  0x14,2
000285 9aa0      	SBI  0x14,0
000286 9aa1      	SBI  0x14,1
000287 98aa      	CBI  0x15,2
000288 98a8      	CBI  0x15,0
000289 98a9      	CBI  0x15,1
00028a 8098      	LDD  R9,Y+0
00028b 81e8      	LD   R30,Y
00028c 58e0      	SUBI R30,-LOW(128)
                +
00028d 93e0 018a+STS __base_y_G101 + ( 2 ) , R30
                 	__PUTB1MN __base_y_G101,2
00028f 81e8      	LD   R30,Y
000290 54e0      	SUBI R30,-LOW(192)
                +
000291 93e0 018b+STS __base_y_G101 + ( 3 ) , R30
                 	__PUTB1MN __base_y_G101,3
000293 e1a4      	LDI  R26,LOW(20)
000294 e0b0      	LDI  R27,0
000295 940e 0315 	CALL _delay_ms
000297 940e 030d 	CALL SUBOPT_0x9
000299 940e 030d 	CALL SUBOPT_0x9
00029b 940e 030d 	CALL SUBOPT_0x9
00029d e2a0      	LDI  R26,LOW(32)
00029e df82      	RCALL __lcd_write_nibble_G101
                +
00029f ec88     +LDI R24 , LOW ( 200 )
0002a0 e090     +LDI R25 , HIGH ( 200 )
                +__DELAY_USW_LOOP :
0002a1 9701     +SBIW R24 , 1
0002a2 f7f1     +BRNE __DELAY_USW_LOOP
                 	__DELAY_USW 200
0002a3 e2a8      	LDI  R26,LOW(40)
0002a4 df90      	RCALL __lcd_write_data
0002a5 e0a4      	LDI  R26,LOW(4)
0002a6 df8e      	RCALL __lcd_write_data
0002a7 e8a5      	LDI  R26,LOW(133)
0002a8 df8c      	RCALL __lcd_write_data
0002a9 e0a6      	LDI  R26,LOW(6)
0002aa df8a      	RCALL __lcd_write_data
0002ab dfa2      	RCALL _lcd_clear
                 _0x20A0001:
0002ac 9621      	ADIW R28,1
0002ad 9508      	RET
                 ; .FEND
                 
                 	.CSEG
                 
                 	.CSEG
                 
                 	.CSEG
                 
                 	.DSEG
                 _th_k:
000170           	.BYTE 0x4
                 _th_k_1:
000174           	.BYTE 0x4
                 _speed:
000178           	.BYTE 0x4
                 _voltage:
00017c           	.BYTE 0x4
                 _temp:
000180           	.BYTE 0x4
                 __seed_G100:
000184           	.BYTE 0x4
                 __base_y_G101:
000188           	.BYTE 0x4
                 
                 	.CSEG
                 ;OPTIMIZER ADDED SUBROUTINE, CALLED 2 TIMES, CODE SIZE REDUCTION:15 WORDS
                 SUBOPT_0x0:
0002ae 920a      	ST   -Y,R0
0002af 921a      	ST   -Y,R1
0002b0 936a      	ST   -Y,R22
0002b1 937a      	ST   -Y,R23
0002b2 938a      	ST   -Y,R24
0002b3 939a      	ST   -Y,R25
0002b4 93aa      	ST   -Y,R26
0002b5 93ba      	ST   -Y,R27
0002b6 93ea      	ST   -Y,R30
0002b7 93fa      	ST   -Y,R31
0002b8 b7ef      	IN   R30,SREG
0002b9 93ea      	ST   -Y,R30
0002ba 91a0 0178 	LDS  R26,_speed
0002bc 91b0 0179 	LDS  R27,_speed+1
0002be 9180 017a 	LDS  R24,_speed+2
0002c0 9190 017b 	LDS  R25,_speed+3
0002c2 9508      	RET
                 
                 ;OPTIMIZER ADDED SUBROUTINE, CALLED 2 TIMES, CODE SIZE REDUCTION:7 WORDS
                 SUBOPT_0x1:
0002c3 91e0 0178 	LDS  R30,_speed
0002c5 91f0 0179 	LDS  R31,_speed+1
0002c7 9160 017a 	LDS  R22,_speed+2
0002c9 9170 017b 	LDS  R23,_speed+3
                +
0002cb e0a0     +LDI R26 , LOW ( 0x40A00000 )
0002cc e0b0     +LDI R27 , HIGH ( 0x40A00000 )
0002cd ea80     +LDI R24 , BYTE3 ( 0x40A00000 )
0002ce e490     +LDI R25 , BYTE4 ( 0x40A00000 )
                 	__GETD2N 0x40A00000
0002cf 9508      	RET
                 
                 ;OPTIMIZER ADDED SUBROUTINE, CALLED 2 TIMES, CODE SIZE REDUCTION:3 WORDS
                 SUBOPT_0x2:
0002d0 93e0 0178 	STS  _speed,R30
0002d2 93f0 0179 	STS  _speed+1,R31
0002d4 9360 017a 	STS  _speed+2,R22
0002d6 9370 017b 	STS  _speed+3,R23
0002d8 9508      	RET
                 
                 ;OPTIMIZER ADDED SUBROUTINE, CALLED 4 TIMES, CODE SIZE REDUCTION:15 WORDS
                 SUBOPT_0x3:
0002d9 91e0 0170 	LDS  R30,_th_k
0002db 91f0 0171 	LDS  R31,_th_k+1
0002dd 9160 0172 	LDS  R22,_th_k+2
0002df 9170 0173 	LDS  R23,_th_k+3
0002e1 9508      	RET
                 
                 ;OPTIMIZER ADDED SUBROUTINE, CALLED 2 TIMES, CODE SIZE REDUCTION:3 WORDS
                 SUBOPT_0x4:
0002e2 93e0 0170 	STS  _th_k,R30
0002e4 93f0 0171 	STS  _th_k+1,R31
0002e6 9360 0172 	STS  _th_k+2,R22
0002e8 9370 0173 	STS  _th_k+3,R23
0002ea 9508      	RET
                 
                 ;OPTIMIZER ADDED SUBROUTINE, CALLED 2 TIMES, CODE SIZE REDUCTION:3 WORDS
                 SUBOPT_0x5:
0002eb 91e0 0178 	LDS  R30,_speed
0002ed 91f0 0179 	LDS  R31,_speed+1
0002ef 9160 017a 	LDS  R22,_speed+2
0002f1 9170 017b 	LDS  R23,_speed+3
0002f3 9508      	RET
                 
                 ;OPTIMIZER ADDED SUBROUTINE, CALLED 2 TIMES, CODE SIZE REDUCTION:5 WORDS
                 SUBOPT_0x6:
0002f4 940e 034e 	CALL __CFD1
0002f6 93fa      	ST   -Y,R31
0002f7 93ea      	ST   -Y,R30
0002f8 01d2      	MOVW R26,R4
0002f9 940e 01f3 	CALL _itoa
0002fb 01d2      	MOVW R26,R4
0002fc 940c 026f 	JMP  _lcd_puts
                 
                 ;OPTIMIZER ADDED SUBROUTINE, CALLED 2 TIMES, CODE SIZE REDUCTION:3 WORDS
                 SUBOPT_0x7:
0002fe 93e0 0180 	STS  _temp,R30
000300 93f0 0181 	STS  _temp+1,R31
000302 9360 0182 	STS  _temp+2,R22
000304 9370 0183 	STS  _temp+3,R23
000306 9508      	RET
                 
                 ;OPTIMIZER ADDED SUBROUTINE, CALLED 2 TIMES, CODE SIZE REDUCTION:1 WORDS
                 SUBOPT_0x8:
000307 940e 0235 	CALL __lcd_write_data
000309 e0a3      	LDI  R26,LOW(3)
00030a e0b0      	LDI  R27,0
00030b 940c 0315 	JMP  _delay_ms
                 
                 ;OPTIMIZER ADDED SUBROUTINE, CALLED 3 TIMES, CODE SIZE REDUCTION:7 WORDS
                 SUBOPT_0x9:
00030d e3a0      	LDI  R26,LOW(48)
00030e 940e 0221 	CALL __lcd_write_nibble_G101
                +
000310 ec88     +LDI R24 , LOW ( 200 )
000311 e090     +LDI R25 , HIGH ( 200 )
                +__DELAY_USW_LOOP :
000312 9701     +SBIW R24 , 1
000313 f7f1     +BRNE __DELAY_USW_LOOP
                 	__DELAY_USW 200
000314 9508      	RET
                 
                 
                 	.CSEG
                 _delay_ms:
000315 9610      	adiw r26,0
000316 f039      	breq __delay_ms1
                 __delay_ms0:
                +
000317 ed80     +LDI R24 , LOW ( 0x7D0 )
000318 e097     +LDI R25 , HIGH ( 0x7D0 )
                +__DELAY_USW_LOOP :
000319 9701     +SBIW R24 , 1
00031a f7f1     +BRNE __DELAY_USW_LOOP
                 	__DELAY_USW 0x7D0
00031b 95a8      	wdr
00031c 9711      	sbiw r26,1
00031d f7c9      	brne __delay_ms0
                 __delay_ms1:
00031e 9508      	ret
                 
                 __ROUND_REPACK:
00031f 2355      	TST  R21
000320 f442      	BRPL __REPACK
000321 3850      	CPI  R21,0x80
000322 f411      	BRNE __ROUND_REPACK0
000323 ffe0      	SBRS R30,0
000324 c004      	RJMP __REPACK
                 __ROUND_REPACK0:
000325 9631      	ADIW R30,1
000326 1f69      	ADC  R22,R25
000327 1f79      	ADC  R23,R25
000328 f06b      	BRVS __REPACK1
                 
                 __REPACK:
000329 e850      	LDI  R21,0x80
00032a 2757      	EOR  R21,R23
00032b f411      	BRNE __REPACK0
00032c 935f      	PUSH R21
00032d c0cf      	RJMP __ZERORES
                 __REPACK0:
00032e 3f5f      	CPI  R21,0xFF
00032f f031      	BREQ __REPACK1
000330 0f66      	LSL  R22
000331 0c00      	LSL  R0
000332 9557      	ROR  R21
000333 9567      	ROR  R22
000334 2f75      	MOV  R23,R21
000335 9508      	RET
                 __REPACK1:
000336 935f      	PUSH R21
000337 2000      	TST  R0
000338 f00a      	BRMI __REPACK2
000339 c0cf      	RJMP __MAXRES
                 __REPACK2:
00033a c0c8      	RJMP __MINRES
                 
                 __UNPACK:
00033b e850      	LDI  R21,0x80
00033c 2e19      	MOV  R1,R25
00033d 2215      	AND  R1,R21
00033e 0f88      	LSL  R24
00033f 1f99      	ROL  R25
000340 2795      	EOR  R25,R21
000341 0f55      	LSL  R21
000342 9587      	ROR  R24
                 
                 __UNPACK1:
000343 e850      	LDI  R21,0x80
000344 2e07      	MOV  R0,R23
000345 2205      	AND  R0,R21
000346 0f66      	LSL  R22
000347 1f77      	ROL  R23
000348 2775      	EOR  R23,R21
000349 0f55      	LSL  R21
00034a 9567      	ROR  R22
00034b 9508      	RET
                 
                 __CFD1U:
00034c 9468      	SET
00034d c001      	RJMP __CFD1U0
                 __CFD1:
00034e 94e8      	CLT
                 __CFD1U0:
00034f 935f      	PUSH R21
000350 dff2      	RCALL __UNPACK1
000351 3870      	CPI  R23,0x80
000352 f018      	BRLO __CFD10
000353 3f7f      	CPI  R23,0xFF
000354 f408      	BRCC __CFD10
000355 c0a7      	RJMP __ZERORES
                 __CFD10:
000356 e156      	LDI  R21,22
000357 1b57      	SUB  R21,R23
000358 f4aa      	BRPL __CFD11
000359 9551      	NEG  R21
00035a 3058      	CPI  R21,8
00035b f40e      	BRTC __CFD19
00035c 3059      	CPI  R21,9
                 __CFD19:
00035d f030      	BRLO __CFD17
00035e efef      	SER  R30
00035f efff      	SER  R31
000360 ef6f      	SER  R22
000361 e77f      	LDI  R23,0x7F
000362 f977      	BLD  R23,7
000363 c01a      	RJMP __CFD15
                 __CFD17:
000364 2777      	CLR  R23
000365 2355      	TST  R21
000366 f0b9      	BREQ __CFD15
                 __CFD18:
000367 0fee      	LSL  R30
000368 1fff      	ROL  R31
000369 1f66      	ROL  R22
00036a 1f77      	ROL  R23
00036b 955a      	DEC  R21
00036c f7d1      	BRNE __CFD18
00036d c010      	RJMP __CFD15
                 __CFD11:
00036e 2777      	CLR  R23
                 __CFD12:
00036f 3058      	CPI  R21,8
000370 f028      	BRLO __CFD13
000371 2fef      	MOV  R30,R31
000372 2ff6      	MOV  R31,R22
000373 2f67      	MOV  R22,R23
000374 5058      	SUBI R21,8
000375 cff9      	RJMP __CFD12
                 __CFD13:
000376 2355      	TST  R21
000377 f031      	BREQ __CFD15
                 __CFD14:
000378 9576      	LSR  R23
000379 9567      	ROR  R22
00037a 95f7      	ROR  R31
00037b 95e7      	ROR  R30
00037c 955a      	DEC  R21
00037d f7d1      	BRNE __CFD14
                 __CFD15:
00037e 2000      	TST  R0
00037f f40a      	BRPL __CFD16
000380 d141      	RCALL __ANEGD1
                 __CFD16:
000381 915f      	POP  R21
000382 9508      	RET
                 
                 __CDF1U:
000383 9468      	SET
000384 c001      	RJMP __CDF1U0
                 __CDF1:
000385 94e8      	CLT
                 __CDF1U0:
000386 9730      	SBIW R30,0
000387 4060      	SBCI R22,0
000388 4070      	SBCI R23,0
000389 f0b1      	BREQ __CDF10
00038a 2400      	CLR  R0
00038b f026      	BRTS __CDF11
00038c 2377      	TST  R23
00038d f412      	BRPL __CDF11
00038e 9400      	COM  R0
00038f d132      	RCALL __ANEGD1
                 __CDF11:
000390 2e17      	MOV  R1,R23
000391 e17e      	LDI  R23,30
000392 2011      	TST  R1
                 __CDF12:
000393 f032      	BRMI __CDF13
000394 957a      	DEC  R23
000395 0fee      	LSL  R30
000396 1fff      	ROL  R31
000397 1f66      	ROL  R22
000398 1c11      	ROL  R1
000399 cff9      	RJMP __CDF12
                 __CDF13:
00039a 2fef      	MOV  R30,R31
00039b 2ff6      	MOV  R31,R22
00039c 2d61      	MOV  R22,R1
00039d 935f      	PUSH R21
00039e df8a      	RCALL __REPACK
00039f 915f      	POP  R21
                 __CDF10:
0003a0 9508      	RET
                 
                 __SWAPACC:
0003a1 934f      	PUSH R20
0003a2 01af      	MOVW R20,R30
0003a3 01fd      	MOVW R30,R26
0003a4 01da      	MOVW R26,R20
0003a5 01ab      	MOVW R20,R22
0003a6 01bc      	MOVW R22,R24
0003a7 01ca      	MOVW R24,R20
0003a8 2d40      	MOV  R20,R0
0003a9 2c01      	MOV  R0,R1
0003aa 2e14      	MOV  R1,R20
0003ab 914f      	POP  R20
0003ac 9508      	RET
                 
                 __UADD12:
0003ad 0fea      	ADD  R30,R26
0003ae 1ffb      	ADC  R31,R27
0003af 1f68      	ADC  R22,R24
0003b0 9508      	RET
                 
                 __NEGMAN1:
0003b1 95e0      	COM  R30
0003b2 95f0      	COM  R31
0003b3 9560      	COM  R22
0003b4 5fef      	SUBI R30,-1
0003b5 4fff      	SBCI R31,-1
0003b6 4f6f      	SBCI R22,-1
0003b7 9508      	RET
                 
                 __SUBF12:
0003b8 935f      	PUSH R21
0003b9 df81      	RCALL __UNPACK
0003ba 3890      	CPI  R25,0x80
0003bb f171      	BREQ __ADDF129
0003bc e850      	LDI  R21,0x80
0003bd 2615      	EOR  R1,R21
                 
0003be c004      	RJMP __ADDF120
                 
                 __ADDF12:
0003bf 935f      	PUSH R21
0003c0 df7a      	RCALL __UNPACK
0003c1 3890      	CPI  R25,0x80
0003c2 f139      	BREQ __ADDF129
                 
                 __ADDF120:
0003c3 3870      	CPI  R23,0x80
0003c4 f121      	BREQ __ADDF128
                 __ADDF121:
0003c5 2f57      	MOV  R21,R23
0003c6 1b59      	SUB  R21,R25
0003c7 f12b      	BRVS __ADDF1211
0003c8 f412      	BRPL __ADDF122
0003c9 dfd7      	RCALL __SWAPACC
0003ca cffa      	RJMP __ADDF121
                 __ADDF122:
0003cb 3158      	CPI  R21,24
0003cc f018      	BRLO __ADDF123
0003cd 27aa      	CLR  R26
0003ce 27bb      	CLR  R27
0003cf 2788      	CLR  R24
                 __ADDF123:
0003d0 3058      	CPI  R21,8
0003d1 f028      	BRLO __ADDF124
0003d2 2fab      	MOV  R26,R27
0003d3 2fb8      	MOV  R27,R24
0003d4 2788      	CLR  R24
0003d5 5058      	SUBI R21,8
0003d6 cff9      	RJMP __ADDF123
                 __ADDF124:
0003d7 2355      	TST  R21
0003d8 f029      	BREQ __ADDF126
                 __ADDF125:
0003d9 9586      	LSR  R24
0003da 95b7      	ROR  R27
0003db 95a7      	ROR  R26
0003dc 955a      	DEC  R21
0003dd f7d9      	BRNE __ADDF125
                 __ADDF126:
0003de 2d50      	MOV  R21,R0
0003df 2551      	EOR  R21,R1
0003e0 f072      	BRMI __ADDF127
0003e1 dfcb      	RCALL __UADD12
0003e2 f438      	BRCC __ADDF129
0003e3 9567      	ROR  R22
0003e4 95f7      	ROR  R31
0003e5 95e7      	ROR  R30
0003e6 9573      	INC  R23
0003e7 f413      	BRVC __ADDF129
0003e8 c020      	RJMP __MAXRES
                 __ADDF128:
0003e9 dfb7      	RCALL __SWAPACC
                 __ADDF129:
0003ea df3e      	RCALL __REPACK
0003eb 915f      	POP  R21
0003ec 9508      	RET
                 __ADDF1211:
0003ed f7d8      	BRCC __ADDF128
0003ee cffb      	RJMP __ADDF129
                 __ADDF127:
0003ef 1bea      	SUB  R30,R26
0003f0 0bfb      	SBC  R31,R27
0003f1 0b68      	SBC  R22,R24
0003f2 f051      	BREQ __ZERORES
0003f3 f410      	BRCC __ADDF1210
0003f4 9400      	COM  R0
0003f5 dfbb      	RCALL __NEGMAN1
                 __ADDF1210:
0003f6 2366      	TST  R22
0003f7 f392      	BRMI __ADDF129
0003f8 0fee      	LSL  R30
0003f9 1fff      	ROL  R31
0003fa 1f66      	ROL  R22
0003fb 957a      	DEC  R23
0003fc f7cb      	BRVC __ADDF1210
                 
                 __ZERORES:
0003fd 27ee      	CLR  R30
0003fe 27ff      	CLR  R31
0003ff 2766      	CLR  R22
000400 2777      	CLR  R23
000401 915f      	POP  R21
000402 9508      	RET
                 
                 __MINRES:
000403 efef      	SER  R30
000404 efff      	SER  R31
000405 e76f      	LDI  R22,0x7F
000406 ef7f      	SER  R23
000407 915f      	POP  R21
000408 9508      	RET
                 
                 __MAXRES:
000409 efef      	SER  R30
00040a efff      	SER  R31
00040b e76f      	LDI  R22,0x7F
00040c e77f      	LDI  R23,0x7F
00040d 915f      	POP  R21
00040e 9508      	RET
                 
                 __MULF12:
00040f 935f      	PUSH R21
000410 df2a      	RCALL __UNPACK
000411 3870      	CPI  R23,0x80
000412 f351      	BREQ __ZERORES
000413 3890      	CPI  R25,0x80
000414 f341      	BREQ __ZERORES
000415 2401      	EOR  R0,R1
000416 9408      	SEC
000417 1f79      	ADC  R23,R25
000418 f423      	BRVC __MULF124
000419 f31c      	BRLT __ZERORES
                 __MULF125:
00041a 2000      	TST  R0
00041b f33a      	BRMI __MINRES
00041c cfec      	RJMP __MAXRES
                 __MULF124:
00041d 920f      	PUSH R0
00041e 931f      	PUSH R17
00041f 932f      	PUSH R18
000420 933f      	PUSH R19
000421 934f      	PUSH R20
000422 2711      	CLR  R17
000423 2722      	CLR  R18
000424 2799      	CLR  R25
000425 9f68      	MUL  R22,R24
000426 01a0      	MOVW R20,R0
000427 9f8f      	MUL  R24,R31
000428 2d30      	MOV  R19,R0
000429 0d41      	ADD  R20,R1
00042a 1f59      	ADC  R21,R25
00042b 9f6b      	MUL  R22,R27
00042c 0d30      	ADD  R19,R0
00042d 1d41      	ADC  R20,R1
00042e 1f59      	ADC  R21,R25
00042f 9f8e      	MUL  R24,R30
000430 d027      	RCALL __MULF126
000431 9fbf      	MUL  R27,R31
000432 d025      	RCALL __MULF126
000433 9f6a      	MUL  R22,R26
000434 d023      	RCALL __MULF126
000435 9fbe      	MUL  R27,R30
000436 d01d      	RCALL __MULF127
000437 9faf      	MUL  R26,R31
000438 d01b      	RCALL __MULF127
000439 9fae      	MUL  R26,R30
00043a 0d11      	ADD  R17,R1
00043b 1f29      	ADC  R18,R25
00043c 1f39      	ADC  R19,R25
00043d 1f49      	ADC  R20,R25
00043e 1f59      	ADC  R21,R25
00043f 2fe3      	MOV  R30,R19
000440 2ff4      	MOV  R31,R20
000441 2f65      	MOV  R22,R21
000442 2f52      	MOV  R21,R18
000443 914f      	POP  R20
000444 913f      	POP  R19
000445 912f      	POP  R18
000446 911f      	POP  R17
000447 900f      	POP  R0
000448 2366      	TST  R22
000449 f02a      	BRMI __MULF122
00044a 0f55      	LSL  R21
00044b 1fee      	ROL  R30
00044c 1fff      	ROL  R31
00044d 1f66      	ROL  R22
00044e c002      	RJMP __MULF123
                 __MULF122:
00044f 9573      	INC  R23
000450 f24b      	BRVS __MULF125
                 __MULF123:
000451 decd      	RCALL __ROUND_REPACK
000452 915f      	POP  R21
000453 9508      	RET
                 
                 __MULF127:
000454 0d10      	ADD  R17,R0
000455 1d21      	ADC  R18,R1
000456 1f39      	ADC  R19,R25
000457 c002      	RJMP __MULF128
                 __MULF126:
000458 0d20      	ADD  R18,R0
000459 1d31      	ADC  R19,R1
                 __MULF128:
00045a 1f49      	ADC  R20,R25
00045b 1f59      	ADC  R21,R25
00045c 9508      	RET
                 
                 __DIVF21:
00045d 935f      	PUSH R21
00045e dedc      	RCALL __UNPACK
00045f 3870      	CPI  R23,0x80
000460 f421      	BRNE __DIVF210
000461 2011      	TST  R1
                 __DIVF211:
000462 f40a      	BRPL __DIVF219
000463 cf9f      	RJMP __MINRES
                 __DIVF219:
000464 cfa4      	RJMP __MAXRES
                 __DIVF210:
000465 3890      	CPI  R25,0x80
000466 f409      	BRNE __DIVF218
                 __DIVF217:
000467 cf95      	RJMP __ZERORES
                 __DIVF218:
000468 2401      	EOR  R0,R1
000469 9408      	SEC
00046a 0b97      	SBC  R25,R23
00046b f41b      	BRVC __DIVF216
00046c f3d4      	BRLT __DIVF217
00046d 2000      	TST  R0
00046e cff3      	RJMP __DIVF211
                 __DIVF216:
00046f 2f79      	MOV  R23,R25
000470 931f      	PUSH R17
000471 932f      	PUSH R18
000472 933f      	PUSH R19
000473 934f      	PUSH R20
000474 2411      	CLR  R1
000475 2711      	CLR  R17
000476 2722      	CLR  R18
000477 2733      	CLR  R19
000478 2744      	CLR  R20
000479 2755      	CLR  R21
00047a e290      	LDI  R25,32
                 __DIVF212:
00047b 17ae      	CP   R26,R30
00047c 07bf      	CPC  R27,R31
00047d 0786      	CPC  R24,R22
00047e 0741      	CPC  R20,R17
00047f f030      	BRLO __DIVF213
000480 1bae      	SUB  R26,R30
000481 0bbf      	SBC  R27,R31
000482 0b86      	SBC  R24,R22
000483 0b41      	SBC  R20,R17
000484 9408      	SEC
000485 c001      	RJMP __DIVF214
                 __DIVF213:
000486 9488      	CLC
                 __DIVF214:
000487 1f55      	ROL  R21
000488 1f22      	ROL  R18
000489 1f33      	ROL  R19
00048a 1c11      	ROL  R1
00048b 1faa      	ROL  R26
00048c 1fbb      	ROL  R27
00048d 1f88      	ROL  R24
00048e 1f44      	ROL  R20
00048f 959a      	DEC  R25
000490 f751      	BRNE __DIVF212
000491 01f9      	MOVW R30,R18
000492 2d61      	MOV  R22,R1
000493 914f      	POP  R20
000494 913f      	POP  R19
000495 912f      	POP  R18
000496 911f      	POP  R17
000497 2366      	TST  R22
000498 f032      	BRMI __DIVF215
000499 0f55      	LSL  R21
00049a 1fee      	ROL  R30
00049b 1fff      	ROL  R31
00049c 1f66      	ROL  R22
00049d 957a      	DEC  R23
00049e f243      	BRVS __DIVF217
                 __DIVF215:
00049f de7f      	RCALL __ROUND_REPACK
0004a0 915f      	POP  R21
0004a1 9508      	RET
                 
                 __CMPF12:
0004a2 2399      	TST  R25
0004a3 f09a      	BRMI __CMPF120
0004a4 2377      	TST  R23
0004a5 f042      	BRMI __CMPF121
0004a6 1797      	CP   R25,R23
0004a7 f048      	BRLO __CMPF122
0004a8 f429      	BRNE __CMPF121
0004a9 17ae      	CP   R26,R30
0004aa 07bf      	CPC  R27,R31
0004ab 0786      	CPC  R24,R22
0004ac f020      	BRLO __CMPF122
0004ad f031      	BREQ __CMPF123
                 __CMPF121:
0004ae 9498      	CLZ
0004af 9488      	CLC
0004b0 9508      	RET
                 __CMPF122:
0004b1 9498      	CLZ
0004b2 9408      	SEC
0004b3 9508      	RET
                 __CMPF123:
0004b4 9418      	SEZ
0004b5 9488      	CLC
0004b6 9508      	RET
                 __CMPF120:
0004b7 2377      	TST  R23
0004b8 f7c2      	BRPL __CMPF122
0004b9 1797      	CP   R25,R23
0004ba f398      	BRLO __CMPF121
0004bb f7a9      	BRNE __CMPF122
0004bc 17ea      	CP   R30,R26
0004bd 07fb      	CPC  R31,R27
0004be 0768      	CPC  R22,R24
0004bf f388      	BRLO __CMPF122
0004c0 f399      	BREQ __CMPF123
0004c1 cfec      	RJMP __CMPF121
                 
                 __ANEGD1:
0004c2 95f0      	COM  R31
0004c3 9560      	COM  R22
0004c4 9570      	COM  R23
0004c5 95e1      	NEG  R30
0004c6 4fff      	SBCI R31,-1
0004c7 4f6f      	SBCI R22,-1
0004c8 4f7f      	SBCI R23,-1
0004c9 9508      	RET
                 
                 __CWD1:
0004ca 2f6f      	MOV  R22,R31
0004cb 0f66      	ADD  R22,R22
0004cc 0b66      	SBC  R22,R22
0004cd 2f76      	MOV  R23,R22
0004ce 9508      	RET
                 
                 __GETD2S0:
0004cf 81a8      	LD   R26,Y
0004d0 81b9      	LDD  R27,Y+1
0004d1 818a      	LDD  R24,Y+2
0004d2 819b      	LDD  R25,Y+3
0004d3 9508      	RET
                 
                 __PUTD1S0:
0004d4 83e8      	ST   Y,R30
0004d5 83f9      	STD  Y+1,R31
0004d6 836a      	STD  Y+2,R22
0004d7 837b      	STD  Y+3,R23
0004d8 9508      	RET
                 
                 __INITLOCB:
                 __INITLOCW:
0004d9 0fac      	ADD  R26,R28
0004da 1fbd      	ADC  R27,R29
                 __INITLOC0:
0004db 9005      	LPM  R0,Z+
0004dc 920d      	ST   X+,R0
0004dd 958a      	DEC  R24
0004de f7e1      	BRNE __INITLOC0
0004df 9508      	RET
                 
                 ;END OF CODE MARKER
                 __END_OF_CODE:


RESOURCE USE INFORMATION
------------------------

Notice:
The register and instruction counts are symbol table hit counts,
and hence implicitly used resources are not counted, eg, the
'lpm' instruction without operands implicitly uses r0 and z,
none of which are counted.

x,y,z are separate entities in the symbol table and are
counted separately from r26..r31 here.

.dseg memory usage only counts static data declared with .byte

ATmega16 register use summary:
r0 :  31 r1 :  25 r2 :   3 r3 :   0 r4 :   2 r5 :   0 r6 :   4 r7 :   4 
r8 :   0 r9 :   2 r10:   0 r11:   0 r12:   0 r13:   0 r14:   0 r15:   0 
r16:   0 r17:  14 r18:  12 r19:  12 r20:  22 r21:  63 r22:  86 r23:  69 
r24:  66 r25:  57 r26:  86 r27:  47 r28:   6 r29:   2 r30: 166 r31:  69 
x  :   8 y  : 118 z  :   9 
Registers used: 25 out of 35 (71.4%)

ATmega16 instruction use summary:
.lds  :   0 .lds.l:   0 .sts  :   0 .sts.l:   0 adc   :  18 add   :   9 
adiw  :   7 and   :   2 andi  :   2 asr   :   0 bclr  :   0 bld   :   3 
brbc  :   0 brbs  :   0 brcc  :   5 brcs  :   1 break :   0 breq  :  19 
brge  :   0 brhc  :   0 brhs  :   0 brid  :   0 brie  :   0 brlo  :  14 
brlt  :   2 brmi  :   9 brne  :  25 brpl  :  10 brsh  :   0 brtc  :   1 
brts  :   2 brvc  :   4 brvs  :   4 bset  :   0 bst   :   0 call  :  58 
cbi   :   5 cbr   :   0 clc   :   3 clh   :   0 cli   :   1 cln   :   0 
clr   :  25 cls   :   0 clt   :   4 clv   :   0 clz   :   2 com   :  10 
cp    :   7 cpc   :   8 cpi   :  19 cpse  :   0 dec   :  13 des   :   0 
eor   :   7 fmul  :   0 fmuls :   0 fmulsu:   0 icall :   0 ijmp  :   0 
in    :   7 inc   :   5 jmp   :  24 ld    :  29 ldd   :  31 ldi   : 139 
lds   :  37 lpm   :   8 lsl   :  11 lsr   :   2 mov   :  33 movw  :  13 
mul   :   9 muls  :   0 mulsu :   0 neg   :   2 nop   :   0 or    :   1 
ori   :   2 out   :  32 pop   :  22 push  :  22 rcall :  38 ret   :  38 
reti  :   2 rjmp  :  40 rol   :  24 ror   :  12 sbc   :   8 sbci  :   8 
sbi   :   7 sbic  :   0 sbis  :   0 sbiw  :   9 sbr   :   0 sbrc  :   0 
sbrs  :   2 sec   :   4 seh   :   0 sei   :   1 sen   :   0 ser   :   8 
ses   :   0 set   :   4 sev   :   0 sez   :   1 sleep :   0 spm   :   0 
st    :  46 std   :  21 sts   :  22 sub   :   5 subi  :   7 swap  :   1 
tst   :  20 wdr   :   1 
Instructions used: 74 out of 116 (63.8%)

ATmega16 memory use summary [bytes]:
Segment   Begin    End      Code   Data   Used    Size   Use%
---------------------------------------------------------------
[.cseg] 0x000000 0x0009c0   2396    100   2496   16384  15.2%
[.dseg] 0x000060 0x00018c      0     44     44    1024   4.3%
[.eseg] 0x000000 0x000000      0      0      0     512   0.0%

Assembly complete, 0 errors, 7 warnings
