RAM Allocation [bytes]
Variable                                                                          Address   Size
------------------------------------------------------------------------------------------------
rpm2                                                                              0x022D       2
v                                                                                 0x022F       2
ch                                                                                0x0231       1
i                                                                                 0x0232       1
j                                                                                 0x0233       1
k                                                                                 0x0234       1
txt                                                                               0x0235      12
tx1                                                                               0x0241      18
txt2                                                                              0x0253      15
_base_y (lcd.lib)                                                                 0x0262       4
_lcd_x                                                                            0x0266       1
_lcd_y                                                                            0x0267       1
_lcd_maxx                                                                         0x0268       1
_seed (stdlib.lib)                                                                0x0269       4

EEPROM Allocation [bytes]
Variable                                                                          Address   Size
------------------------------------------------------------------------------------------------

Register Allocation
Variable                                                                          Register  Size
------------------------------------------------------------------------------------------------
x                                                                                 R4,R5        2
y                                                                                 R6,R7        2
Time1                                                                             R8,R9        2
Time2                                                                             R10,R11      2
rpm1                                                                              R12,R13      2

FLASH Allocation [words]
Function                                                                          Address   Size
------------------------------------------------------------------------------------------------
uasrt_rx                                                                          0x0012E     75
int0                                                                              0x00179     11
timer0_ovf                                                                        0x00184     17
timer2_ovf                                                                        0x00195     29
int1                                                                              0x001B2     15
main                                                                              0x001C1    283
_lcd_delay_G100                                                                   0x002DC      4
_lcd_ready                                                                        0x002E0     17
_lcd_write_nibble_G100                                                            0x002F1      8
_lcd_write_data                                                                   0x002F9     15
_lcd_read_nibble_G100                                                             0x00308      7
lcd_read_byte0_G100                                                               0x0030F      8
lcd_gotoxy                                                                        0x00317     18
lcd_clear                                                                         0x00329     15
lcd_putchar                                                                       0x00338     38
lcd_puts                                                                          0x0035E     17
_long_delay_G100                                                                  0x0036F      5
_lcd_init_write_G100                                                              0x00374     11
lcd_init                                                                          0x0037F     51
itoa                                                                              0x003B2     46
strcmp                                                                            0x003E0     20
