RAM Allocation
Variable                                                          Address   Size
--------------------------------------------------------------------------------
a                                                                 0x016C       4
volt                                                              0x0170       4
_seed                                                             0x0174       4
_base_y                                                           0x0178       4

EEPROM Allocation
Variable                                                          Address   Size
--------------------------------------------------------------------------------

Register Allocation
Variable                                                          Register  Size
--------------------------------------------------------------------------------
b                                                                 R4,R5        2
_lcd_x                                                            R7           1
_lcd_y                                                            R6           1
_lcd_maxx                                                         R9           1
